Archive member included to satisfy reference by file (symbol)

../liblvgl.a(lv_disp.c.obj)   CMakeFiles/Advent.dir/main.cpp.obj (lv_disp_get_scr_act)
../liblvgl.a(lv_event.c.obj)  ../liblvgl.a(lv_disp.c.obj) (lv_event_send)
../liblvgl.a(lv_indev.c.obj)  ../liblvgl.a(lv_event.c.obj) (lv_indev_get_act)
../liblvgl.a(lv_indev_scroll.c.obj)
                              ../liblvgl.a(lv_indev.c.obj) (_lv_indev_scroll_handler)
../liblvgl.a(lv_obj.c.obj)    ../liblvgl.a(lv_event.c.obj) (lv_obj_class)
../liblvgl.a(lv_obj_class.c.obj)
                              ../liblvgl.a(lv_obj.c.obj) (lv_obj_class_create_obj)
../liblvgl.a(lv_obj_draw.c.obj)
                              ../liblvgl.a(lv_obj.c.obj) (lv_obj_init_draw_rect_dsc)
../liblvgl.a(lv_obj_pos.c.obj)
                              CMakeFiles/Advent.dir/AdventTile.cpp.obj (lv_obj_set_pos)
../liblvgl.a(lv_obj_scroll.c.obj)
                              CMakeFiles/Advent.dir/main.cpp.obj (lv_obj_set_scrollbar_mode)
../liblvgl.a(lv_obj_style.c.obj)
                              ../liblvgl.a(lv_obj.c.obj) (_lv_obj_style_init)
../liblvgl.a(lv_obj_style_gen.c.obj)
                              ../liblvgl.a(lv_obj_pos.c.obj) (lv_obj_set_style_width)
../liblvgl.a(lv_obj_tree.c.obj)
                              ../liblvgl.a(lv_disp.c.obj) (lv_obj_del)
../liblvgl.a(lv_refr.c.obj)   ../liblvgl.a(lv_obj.c.obj) (_lv_refr_init)
../liblvgl.a(lv_theme.c.obj)  ../liblvgl.a(lv_disp.c.obj) (lv_theme_apply)
../liblvgl.a(lv_draw_img.c.obj)
                              ../liblvgl.a(lv_refr.c.obj) (lv_draw_img_dsc_init)
../liblvgl.a(lv_draw_label.c.obj)
                              ../liblvgl.a(lv_draw_img.c.obj) (lv_draw_label_dsc_init)
../liblvgl.a(lv_draw_line.c.obj)
                              ../liblvgl.a(lv_draw_label.c.obj) (lv_draw_line_dsc_init)
../liblvgl.a(lv_draw_mask.c.obj)
                              ../liblvgl.a(lv_obj.c.obj) (lv_draw_mask_add)
../liblvgl.a(lv_draw_rect.c.obj)
                              ../liblvgl.a(lv_obj.c.obj) (lv_draw_rect_dsc_init)
../liblvgl.a(lv_img_buf.c.obj)
                              ../liblvgl.a(lv_draw_img.c.obj) (_lv_img_buf_transform_init)
../liblvgl.a(lv_img_cache.c.obj)
                              ../liblvgl.a(lv_draw_img.c.obj) (_lv_img_cache_open)
../liblvgl.a(lv_img_decoder.c.obj)
                              ../liblvgl.a(lv_obj.c.obj) (_lv_img_decoder_init)
../liblvgl.a(lv_extra.c.obj)  ../liblvgl.a(lv_obj.c.obj) (lv_extra_init)
../liblvgl.a(lv_calendar.c.obj)
                              CMakeFiles/Advent.dir/DateTile.cpp.obj (lv_calendar_create)
../liblvgl.a(lv_calendar_header_arrow.c.obj)
                              CMakeFiles/Advent.dir/DateTile.cpp.obj (lv_calendar_header_arrow_create)
../liblvgl.a(lv_tileview.c.obj)
                              CMakeFiles/Advent.dir/main.cpp.obj (lv_tileview_create)
../liblvgl.a(lv_font.c.obj)   ../liblvgl.a(lv_draw_label.c.obj) (lv_font_get_glyph_bitmap)
../liblvgl.a(lv_font_fmt_txt.c.obj)
                              ../liblvgl.a(lv_refr.c.obj) (_lv_font_clean_up_fmt_txt)
../liblvgl.a(lv_font_montserrat_14.c.obj)
                              ../liblvgl.a(lv_theme.c.obj) (lv_font_montserrat_14)
../liblvgl.a(lv_font_montserrat_32.c.obj)
                              CMakeFiles/Advent.dir/AdventTile.cpp.obj (lv_font_montserrat_32)
../liblvgl.a(lv_hal_disp.c.obj)
                              CMakeFiles/Advent.dir/LVGL_example.c.obj (lv_disp_drv_init)
../liblvgl.a(lv_hal_indev.c.obj)
                              CMakeFiles/Advent.dir/LVGL_example.c.obj (lv_indev_drv_init)
../liblvgl.a(lv_hal_tick.c.obj)
                              CMakeFiles/Advent.dir/LVGL_example.c.obj (lv_tick_inc)
../liblvgl.a(lv_anim.c.obj)   ../liblvgl.a(lv_obj.c.obj) (_lv_anim_core_init)
../liblvgl.a(lv_area.c.obj)   ../liblvgl.a(lv_disp.c.obj) (lv_area_set)
../liblvgl.a(lv_async.c.obj)  ../liblvgl.a(lv_obj_tree.c.obj) (lv_async_call)
../liblvgl.a(lv_color.c.obj)  CMakeFiles/Advent.dir/AdventTile.cpp.obj (lv_palette_main)
../liblvgl.a(lv_fs.c.obj)     ../liblvgl.a(lv_obj.c.obj) (_lv_fs_init)
../liblvgl.a(lv_gc.c.obj)     ../liblvgl.a(lv_obj.c.obj) (_lv_disp_ll)
../liblvgl.a(lv_ll.c.obj)     ../liblvgl.a(lv_obj.c.obj) (_lv_ll_init)
../liblvgl.a(lv_math.c.obj)   ../liblvgl.a(lv_draw_mask.c.obj) (lv_trigo_sin)
../liblvgl.a(lv_mem.c.obj)    ../liblvgl.a(lv_obj.c.obj) (lv_mem_init)
../liblvgl.a(lv_printf.c.obj)
                              ../liblvgl.a(lv_calendar.c.obj) (lv_snprintf)
../liblvgl.a(lv_style.c.obj)  CMakeFiles/Advent.dir/AdventTile.cpp.obj (lv_style_init)
../liblvgl.a(lv_style_gen.c.obj)
                              CMakeFiles/Advent.dir/AdventTile.cpp.obj (lv_style_set_width)
../liblvgl.a(lv_timer.c.obj)  ../liblvgl.a(lv_obj.c.obj) (_lv_timer_core_init)
../liblvgl.a(lv_txt.c.obj)    ../liblvgl.a(lv_draw_label.c.obj) (_lv_txt_get_next_line)
../liblvgl.a(lv_utils.c.obj)  ../liblvgl.a(lv_font_fmt_txt.c.obj) (_lv_utils_bsearch)
[...]
Memory Configuration

Name             Origin             Length             Attributes
FLASH            0x10000000         0x00200000         xr
RAM              0x20000000         0x00040000         xrw
SCRATCH_X        0x20040000         0x00001000         xrw
SCRATCH_Y        0x20041000         0x00001000         xrw
*default*        0x00000000         0xffffffff

Linker script and memory map

LOAD /Users/lars/.pico-sdk/toolchain/13_2_Rel1/bin/../lib/gcc/arm-none-eabi/13.2.1/thumb/v6-m/nofp/crti.o
LOAD /Users/lars/.pico-sdk/toolchain/13_2_Rel1/bin/../lib/gcc/arm-none-eabi/13.2.1/thumb/v6-m/nofp/crtbegin.o
LOAD /Users/lars/.pico-sdk/toolchain/13_2_Rel1/bin/../lib/gcc/arm-none-eabi/13.2.1/../../../../arm-none-eabi/lib/thumb/v6-m/nofp/crt0.o

.flash_begin    0x10000000        0x0
                0x10000000                        __flash_binary_start = .

.boot2          0x10000000      0x100
                0x10000000                        __boot2_start__ = .
 *(.boot2)
 .boot2         0x10000000      0x100 /var/folders/7b/4542x8n52mg4t8s079snzlbr0000gn/T//ccggvcBS.o
                0x10000100                        __boot2_end__ = .
                0x00000001                        ASSERT (((__boot2_end__ - __boot2_start__) == 0x100), ERROR: Pico second stage bootloader must be 256 bytes in size)

.text           0x10000100    0x43d58
                0x10000100                        __logical_binary_start = .
 *(.vectors)
 .vectors       0x10000100       0xd4 CMakeFiles/Advent.dir/Users/lars/.pico-sdk/sdk/2.0.0/src/rp2_common/pico_crt0/crt0.S.obj
                0x10000100                __VECTOR_TABLE
                0x10000100                __vectors
                0x100001c0                __default_isrs_start
                0x100001c0                isr_invalid
                0x100001c2                isr_nmi
                0x100001c4                isr_hardfault
                0x100001c6                isr_svcall
                0x100001c8                isr_pendsv
                0x100001ca                isr_systick
                0x100001cc                isr_irq28
                0x100001cc                isr_irq19
                0x100001cc                isr_irq0
                0x100001cc                isr_irq6
                0x100001cc                isr_irq22
                0x100001cc                isr_irq17
                0x100001cc                isr_irq14
                0x100001cc                isr_irq2
                0x100001cc                isr_irq10
                0x100001cc                isr_irq8
                0x100001cc                isr_irq24
                0x100001cc                isr_irq1
                0x100001cc                isr_irq7
                0x100001cc                isr_irq21
                0x100001cc                isr_irq20
                0x100001cc                isr_irq15
                0x100001cc                isr_irq25
                0x100001cc                isr_irq4
                0x100001cc                isr_irq16
                0x100001cc                isr_irq29
                0x100001cc                isr_irq26
                0x100001cc                __default_isrs_end
                0x100001cc                isr_irq3
                0x100001cc                isr_irq9
                0x100001cc                __unhandled_user_irq
                0x100001cc                isr_irq13
                0x100001cc                isr_irq27
                0x100001cc                isr_irq31
                0x100001cc                isr_irq5
                0x100001cc                isr_irq11
                0x100001cc                isr_irq23
                0x100001cc                isr_irq18
                0x100001cc                isr_irq30
                0x100001cc                isr_irq12
                0x100001d2                unhandled_user_irq_num_in_r0
 *(.binary_info_header)
 .binary_info_header
                0x100001d4       0x14 CMakeFiles/Advent.dir/Users/lars/.pico-sdk/sdk/2.0.0/src/rp2_common/pico_crt0/crt0.S.obj
                0x100001e8                        __binary_info_header_end = .
 *(.embedded_block)
                0x100001e8                        __embedded_block_end = .
 *(.reset)
 .reset         0x100001e8       0x9c CMakeFiles/Advent.dir/Users/lars/.pico-sdk/sdk/2.0.0/src/rp2_common/pico_crt0/crt0.S.obj
                0x100001e8                _entry_point
 *(.init)
 .init          0x10000284        0x4 /Users/lars/.pico-sdk/toolchain/13_2_Rel1/bin/../lib/gcc/arm-none-eabi/13.2.1/thumb/v6-m/nofp/crti.o
                0x10000284                _init
 *(EXCLUDE_FILE(*libm.a: *libc.a:*lib_a-mem*.o *libgcc.a:) .text*)
 .text.register_tm_clones
                0x10000288       0x28 /Users/lars/.pico-sdk/toolchain/13_2_Rel1/bin/../lib/gcc/arm-none-eabi/13.2.1/thumb/v6-m/nofp/crtbegin.o
 .text.frame_dummy
                0x100002b0       0x24 /Users/lars/.pico-sdk/toolchain/13_2_Rel1/bin/../lib/gcc/arm-none-eabi/13.2.1/thumb/v6-m/nofp/crtbegin.o
 .text.ts_read_cb
                0x100002d4       0x24 CMakeFiles/Advent.dir/LVGL_example.c.obj
 .text.repeating_lvgl_timer_callback
                0x100002f8        0xc CMakeFiles/Advent.dir/LVGL_example.c.obj
 .text.dma_handler
                0x10000304       0x30 CMakeFiles/Advent.dir/LVGL_example.c.obj
 .text.disp_flush_cb
                0x10000334       0x58 CMakeFiles/Advent.dir/LVGL_example.c.obj
 .text.touch_callback
                0x1000038c       0x38 CMakeFiles/Advent.dir/LVGL_example.c.obj
 .text.LVGL_Init
                0x100003c4       0xd8 CMakeFiles/Advent.dir/LVGL_example.c.obj
                0x100003c4                LVGL_Init
 .text._Z11initDisplayv
                0x1000049c       0x30 CMakeFiles/Advent.dir/main.cpp.obj
                0x1000049c                initDisplay()
 .text._Z7initRTCv
                0x100004cc       0x5c CMakeFiles/Advent.dir/main.cpp.obj
                0x100004cc                initRTC()
 .text._Z8initDemov
                0x10000528       0x2c CMakeFiles/Advent.dir/main.cpp.obj
                0x10000528                initDemo()
 .text.startup._GLOBAL__sub_I__Z10core1Entryv
                0x10000554       0x18 CMakeFiles/Advent.dir/main.cpp.obj
 .text._Z10core1Entryv
                0x1000056c       0x78 CMakeFiles/Advent.dir/main.cpp.obj
                0x1000056c                core1Entry()
 .text._Z10core2Entryv
                0x100005e4      0x17c CMakeFiles/Advent.dir/main.cpp.obj
                0x100005e4                core2Entry()
 .text.startup.main
                0x10000760       0x48 CMakeFiles/Advent.dir/main.cpp.obj
                0x10000760                main
 .text._ZN10AdventTileD2Ev
                0x100007a8        0x4 CMakeFiles/Advent.dir/AdventTile.cpp.obj
                0x100007a8                AdventTile::~AdventTile()
                0x100007a8                AdventTile::~AdventTile()
 .text._ZN10AdventTileD0Ev
                0x100007ac       0x10 CMakeFiles/Advent.dir/AdventTile.cpp.obj
                0x100007ac                AdventTile::~AdventTile()
 .text._ZN10AdventTileC2Ev
                0x100007bc       0x10 CMakeFiles/Advent.dir/AdventTile.cpp.obj
                0x100007bc                AdventTile::AdventTile()
                0x100007bc                AdventTile::AdventTile()
 .text._ZN10AdventTile10initStylesEv
                0x100007cc       0x7c CMakeFiles/Advent.dir/AdventTile.cpp.obj
                0x100007cc                AdventTile::initStyles()
 .text._ZN10AdventTile4initEP9_lv_obj_thhh
                0x10000848      0x1b8 CMakeFiles/Advent.dir/AdventTile.cpp.obj
                0x10000848                AdventTile::init(_lv_obj_t*, unsigned char, unsigned char, unsigned char)
 .text._ZN10AdventTile9updateImgEv
                0x10000a00      0x1e8 CMakeFiles/Advent.dir/AdventTile.cpp.obj
                0x10000a00                AdventTile::updateImg()
 .text._ZN10AdventTile16eventHandlerPlusEP11_lv_event_t
                0x10000be8       0x64 CMakeFiles/Advent.dir/AdventTile.cpp.obj
                0x10000be8                AdventTile::eventHandlerPlus(_lv_event_t*)
 .text._ZN10AdventTile17eventHandlerMinusEP11_lv_event_t
                0x10000c4c       0x5c CMakeFiles/Advent.dir/AdventTile.cpp.obj
                0x10000c4c                AdventTile::eventHandlerMinus(_lv_event_t*)
 .text._ZN10AdventTile17eventHandlerTodayEP11_lv_event_t
                0x10000ca8       0x54 CMakeFiles/Advent.dir/AdventTile.cpp.obj
                0x10000ca8                AdventTile::eventHandlerToday(_lv_event_t*)
 .text._ZN10AdventTile8setTodayEh
                0x10000cfc       0x44 CMakeFiles/Advent.dir/AdventTile.cpp.obj
                0x10000cfc                AdventTile::setToday(unsigned char)
 .text._ZN10AdventTile10setCurrentEh
                0x10000d40       0x44 CMakeFiles/Advent.dir/AdventTile.cpp.obj
                0x10000d40                AdventTile::setCurrent(unsigned char)
 .text._ZN10AdventTile8getTodayEv
                0x10000d84        0x4 CMakeFiles/Advent.dir/AdventTile.cpp.obj
                0x10000d84                AdventTile::getToday()
 .text._ZN10AdventTile10getCurrentEv
                0x10000d88        0x4 CMakeFiles/Advent.dir/AdventTile.cpp.obj
                0x10000d88                AdventTile::getCurrent()
 .text._ZN8DateTileD2Ev
                0x10000d8c        0x4 CMakeFiles/Advent.dir/DateTile.cpp.obj
                0x10000d8c                DateTile::~DateTile()
                0x10000d8c                DateTile::~DateTile()
 .text._ZN8DateTileD0Ev
                0x10000d90       0x10 CMakeFiles/Advent.dir/DateTile.cpp.obj
                0x10000d90                DateTile::~DateTile()
 .text._ZN8DateTile12eventHandlerEP11_lv_event_t
                0x10000da0       0x74 CMakeFiles/Advent.dir/DateTile.cpp.obj
                0x10000da0                DateTile::eventHandler(_lv_event_t*)
 .text._ZN8DateTileC2Ev
                0x10000e14       0x10 CMakeFiles/Advent.dir/DateTile.cpp.obj
                0x10000e14                DateTile::DateTile()
                0x10000e14                DateTile::DateTile()
 .text._ZN8DateTile4initEP9_lv_obj_thhh
                0x10000e24       0x98 CMakeFiles/Advent.dir/DateTile.cpp.obj
                0x10000e24                DateTile::init(_lv_obj_t*, unsigned char, unsigned char, unsigned char)
 .text._ZN8DateTile6setRTCEP6DS3231
                0x10000ebc        0x4 CMakeFiles/Advent.dir/DateTile.cpp.obj
                0x10000ebc                DateTile::setRTC(DS3231*)
 .text._ZN8TimeTileD2Ev
                0x10000ec0        0x4 CMakeFiles/Advent.dir/TimeTile.cpp.obj
                0x10000ec0                TimeTile::~TimeTile()
                0x10000ec0                TimeTile::~TimeTile()
 .text._ZN8TimeTileD0Ev
                0x10000ec4       0x10 CMakeFiles/Advent.dir/TimeTile.cpp.obj
                0x10000ec4                TimeTile::~TimeTile()
 .text._ZN8TimeTile16eventSaveHandlerEP11_lv_event_t
                0x10000ed4       0x68 CMakeFiles/Advent.dir/TimeTile.cpp.obj
                0x10000ed4                TimeTile::eventSaveHandler(_lv_event_t*)
 .text._ZN8TimeTile15eventUpdateTimeEPvl
                0x10000f3c       0x64 CMakeFiles/Advent.dir/TimeTile.cpp.obj
                0x10000f3c                TimeTile::eventUpdateTime(void*, long)
 .text._ZN8TimeTile16eventUndoHandlerEP11_lv_event_t
                0x10000fa0       0x90 CMakeFiles/Advent.dir/TimeTile.cpp.obj
                0x10000fa0                TimeTile::eventUndoHandler(_lv_event_t*)
 .text._ZN8TimeTile15eventIncHandlerEP11_lv_event_t
                0x10001030      0x10c CMakeFiles/Advent.dir/TimeTile.cpp.obj
                0x10001030                TimeTile::eventIncHandler(_lv_event_t*)
 .text._ZN8TimeTile18eventSelectHandlerEP11_lv_event_t
                0x1000113c       0xd4 CMakeFiles/Advent.dir/TimeTile.cpp.obj
                0x1000113c                TimeTile::eventSelectHandler(_lv_event_t*)
 .text._ZN8TimeTileC2Ev
                0x10001210       0x14 CMakeFiles/Advent.dir/TimeTile.cpp.obj
                0x10001210                TimeTile::TimeTile()
                0x10001210                TimeTile::TimeTile()
 .text._ZN8TimeTile10initStylesEv
                0x10001224       0xa4 CMakeFiles/Advent.dir/TimeTile.cpp.obj
                0x10001224                TimeTile::initStyles()
 .text._ZN8TimeTile4initEP9_lv_obj_thhh
                0x100012c8      0x300 CMakeFiles/Advent.dir/TimeTile.cpp.obj
                0x100012c8                TimeTile::init(_lv_obj_t*, unsigned char, unsigned char, unsigned char)
 .text._ZN8TimeTile6setRTCEP6DS3231
                0x100015c8        0x8 CMakeFiles/Advent.dir/TimeTile.cpp.obj
                0x100015c8                TimeTile::setRTC(DS3231*)
 .text._ZN8LedChainD2Ev
                0x100015d0       0x10 CMakeFiles/Advent.dir/ledChain.cpp.obj
                0x100015d0                LedChain::~LedChain()
                0x100015d0                LedChain::~LedChain()
 .text._ZN8LedChainD0Ev
                0x100015e0       0x18 CMakeFiles/Advent.dir/ledChain.cpp.obj
                0x100015e0                LedChain::~LedChain()
 .text._ZN8LedChainC2Eth
                0x100015f8       0xe8 CMakeFiles/Advent.dir/ledChain.cpp.obj
                0x100015f8                LedChain::LedChain(unsigned short, unsigned char)
                0x100015f8                LedChain::LedChain(unsigned short, unsigned char)
 .text._ZN8LedChain5pixelEP10ColourAnimt
                0x100016e0       0x44 CMakeFiles/Advent.dir/ledChain.cpp.obj
                0x100016e0                LedChain::pixel(ColourAnim*, unsigned short)
 .text._ZN8LedChain3offEt
                0x10001724       0x10 CMakeFiles/Advent.dir/ledChain.cpp.obj
                0x10001724                LedChain::off(unsigned short)
 .text._ZN8LedChain4drawEv
                0x10001734       0x30 CMakeFiles/Advent.dir/ledChain.cpp.obj
                0x10001734                LedChain::draw()
 .text._ZN10ColourAnim3redEv
                0x10001764        0x4 CMakeFiles/Advent.dir/ColourAnim.cpp.obj
                0x10001764                ColourAnim::red()
 .text._ZN10ColourAnim5greenEv
                0x10001768        0x4 CMakeFiles/Advent.dir/ColourAnim.cpp.obj
                0x10001768                ColourAnim::green()
 .text._ZN10ColourAnim4blueEv
                0x1000176c        0x4 CMakeFiles/Advent.dir/ColourAnim.cpp.obj
                0x1000176c                ColourAnim::blue()
 .text._ZN10ColourAnimC2Ev
                0x10001770       0x10 CMakeFiles/Advent.dir/ColourAnim.cpp.obj
                0x10001770                ColourAnim::ColourAnim()
                0x10001770                ColourAnim::ColourAnim()
 .text._ZN10ColourAnimD2Ev
                0x10001780        0x4 CMakeFiles/Advent.dir/ColourAnim.cpp.obj
                0x10001780                ColourAnim::~ColourAnim()
                0x10001780                ColourAnim::~ColourAnim()
 .text._ZN15ColourFadeInOut9addColourEhhh
                0x10001784       0x1c CMakeFiles/Advent.dir/ColourFadeInOut.cpp.obj
                0x10001784                ColourFadeInOut::addColour(unsigned char, unsigned char, unsigned char)
 .text._ZN15ColourFadeInOut4stepEf
                0x100017a0       0xd0 CMakeFiles/Advent.dir/ColourFadeInOut.cpp.obj
                0x100017a0                ColourFadeInOut::step(float)
 .text._ZN15ColourFadeInOutD2Ev
                0x10001870       0x14 CMakeFiles/Advent.dir/ColourFadeInOut.cpp.obj
                0x10001870                ColourFadeInOut::~ColourFadeInOut()
                0x10001870                ColourFadeInOut::~ColourFadeInOut()
 .text._ZN15ColourFadeInOutD0Ev
                0x10001884       0x1c CMakeFiles/Advent.dir/ColourFadeInOut.cpp.obj
                0x10001884                ColourFadeInOut::~ColourFadeInOut()
 .text._ZN15ColourFadeInOutC2Ev
                0x100018a0       0x18 CMakeFiles/Advent.dir/ColourFadeInOut.cpp.obj
                0x100018a0                ColourFadeInOut::ColourFadeInOut()
                0x100018a0                ColourFadeInOut::ColourFadeInOut()
 .text._ZN4Tree6setDayEh8FeastDay
                0x100018b8        0x8 CMakeFiles/Advent.dir/Tree.cpp.obj
                0x100018b8                Tree::setDay(unsigned char, FeastDay)
 .text._ZN4Tree5pixelEP10ColourAnimt
                0x100018c0       0x10 CMakeFiles/Advent.dir/Tree.cpp.obj
                0x100018c0                Tree::pixel(ColourAnim*, unsigned short)
 .text._ZN4Tree5clearEv
                0x100018d0       0x1c CMakeFiles/Advent.dir/Tree.cpp.obj
                0x100018d0                Tree::clear()
 .text._ZN4TreeC2EP8LedChaint
                0x100018ec      0x3a8 CMakeFiles/Advent.dir/Tree.cpp.obj
                0x100018ec                Tree::Tree(LedChain*, unsigned short)
                0x100018ec                Tree::Tree(LedChain*, unsigned short)
 .text._ZN4TreeD2Ev
                0x10001c94       0x9c CMakeFiles/Advent.dir/Tree.cpp.obj
                0x10001c94                Tree::~Tree()
                0x10001c94                Tree::~Tree()
 .text._ZN4TreeD0Ev
                0x10001d30       0xa4 CMakeFiles/Advent.dir/Tree.cpp.obj
                0x10001d30                Tree::~Tree()
 .text._ZN4Tree7animateEf
                0x10001dd4      0x3c0 CMakeFiles/Advent.dir/Tree.cpp.obj
                0x10001dd4                Tree::animate(float)
 .text._ZN11ColourBlend9addColourEhhh
                0x10002194       0x1c CMakeFiles/Advent.dir/ColourBlend.cpp.obj
                0x10002194                ColourBlend::addColour(unsigned char, unsigned char, unsigned char)
 .text._ZN11ColourBlend4stepEf
                0x100021b0      0x144 CMakeFiles/Advent.dir/ColourBlend.cpp.obj
                0x100021b0                ColourBlend::step(float)
 .text._ZN11ColourBlendD2Ev
                0x100022f4       0x14 CMakeFiles/Advent.dir/ColourBlend.cpp.obj
                0x100022f4                ColourBlend::~ColourBlend()
                0x100022f4                ColourBlend::~ColourBlend()
 .text._ZN11ColourBlendD0Ev
                0x10002308       0x1c CMakeFiles/Advent.dir/ColourBlend.cpp.obj
                0x10002308                ColourBlend::~ColourBlend()
 .text._ZN11ColourBlendC2Ev
                0x10002324       0x18 CMakeFiles/Advent.dir/ColourBlend.cpp.obj
                0x10002324                ColourBlend::ColourBlend()
                0x10002324                ColourBlend::ColourBlend()
 .text._ZN11AdventTreesD2Ev
                0x1000233c       0x38 CMakeFiles/Advent.dir/AdventTrees.cpp.obj
                0x1000233c                AdventTrees::~AdventTrees()
                0x1000233c                AdventTrees::~AdventTrees()
 .text._ZN11AdventTrees6setDayEh
                0x10002374       0x90 CMakeFiles/Advent.dir/AdventTrees.cpp.obj
                0x10002374                AdventTrees::setDay(unsigned char)
 .text._ZN11AdventTrees7animateEf
                0x10002404       0x24 CMakeFiles/Advent.dir/AdventTrees.cpp.obj
                0x10002404                AdventTrees::animate(float)
 .text._ZN11AdventTreesD0Ev
                0x10002428       0x40 CMakeFiles/Advent.dir/AdventTrees.cpp.obj
                0x10002428                AdventTrees::~AdventTrees()
 .text._ZN11AdventTreesC2Eh
                0x10002468       0x60 CMakeFiles/Advent.dir/AdventTrees.cpp.obj
                0x10002468                AdventTrees::AdventTrees(unsigned char)
                0x10002468                AdventTrees::AdventTrees(unsigned char)
 .text.gpio_default_irq_handler
                0x100024c8      0x274 CMakeFiles/Advent.dir/Users/lars/.pico-sdk/sdk/2.0.0/src/rp2_common/hardware_gpio/gpio.c.obj
 .text.gpio_set_function
                0x1000273c       0x34 CMakeFiles/Advent.dir/Users/lars/.pico-sdk/sdk/2.0.0/src/rp2_common/hardware_gpio/gpio.c.obj
                0x1000273c                gpio_set_function
 .text.gpio_set_pulls
                0x10002770       0x28 CMakeFiles/Advent.dir/Users/lars/.pico-sdk/sdk/2.0.0/src/rp2_common/hardware_gpio/gpio.c.obj
                0x10002770                gpio_set_pulls
 .text.gpio_set_irq_enabled_with_callback
                0x10002798       0xd0 CMakeFiles/Advent.dir/Users/lars/.pico-sdk/sdk/2.0.0/src/rp2_common/hardware_gpio/gpio.c.obj
                0x10002798                gpio_set_irq_enabled_with_callback
 .text.gpio_set_input_enabled
                0x10002868       0x28 CMakeFiles/Advent.dir/Users/lars/.pico-sdk/sdk/2.0.0/src/rp2_common/hardware_gpio/gpio.c.obj
                0x10002868                gpio_set_input_enabled
 .text.gpio_init
                0x10002890       0x40 CMakeFiles/Advent.dir/Users/lars/.pico-sdk/sdk/2.0.0/src/rp2_common/hardware_gpio/gpio.c.obj
                0x10002890                gpio_init
 .text.panic    0x100028d0       0x30 CMakeFiles/Advent.dir/Users/lars/.pico-sdk/sdk/2.0.0/src/rp2_common/pico_platform_panic/panic.c.obj
                0x100028d0                panic
 .text.hw_claim_lock
                0x10002900       0x18 CMakeFiles/Advent.dir/Users/lars/.pico-sdk/sdk/2.0.0/src/common/hardware_claim/claim.c.obj
                0x10002900                hw_claim_lock
 .text.hw_claim_unlock
                0x10002918       0x14 CMakeFiles/Advent.dir/Users/lars/.pico-sdk/sdk/2.0.0/src/common/hardware_claim/claim.c.obj
                0x10002918                hw_claim_unlock
 .text.hw_claim_or_assert
                0x1000292c       0x44 CMakeFiles/Advent.dir/Users/lars/.pico-sdk/sdk/2.0.0/src/common/hardware_claim/claim.c.obj
                0x1000292c                hw_claim_or_assert
 .text.hw_claim_unused_from_range
                0x10002970       0x9c CMakeFiles/Advent.dir/Users/lars/.pico-sdk/sdk/2.0.0/src/common/hardware_claim/claim.c.obj
                0x10002970                hw_claim_unused_from_range
 .text.next_striped_spin_lock_num
                0x10002a0c       0x18 CMakeFiles/Advent.dir/Users/lars/.pico-sdk/sdk/2.0.0/src/rp2_common/hardware_sync/sync.c.obj
                0x10002a0c                next_striped_spin_lock_num
 .text.spin_locks_reset
                0x10002a24       0x1c CMakeFiles/Advent.dir/Users/lars/.pico-sdk/sdk/2.0.0/src/rp2_common/hardware_sync_spin_lock/sync_spin_lock.c.obj
                0x10002a24                spin_locks_reset
 .text.runtime_init_per_core_irq_priorities
                0x10002a40       0x24 CMakeFiles/Advent.dir/Users/lars/.pico-sdk/sdk/2.0.0/src/rp2_common/hardware_irq/irq.c.obj
                0x10002a40                runtime_init_per_core_irq_priorities
 .text.irq_set_enabled
                0x10002a64       0x24 CMakeFiles/Advent.dir/Users/lars/.pico-sdk/sdk/2.0.0/src/rp2_common/hardware_irq/irq.c.obj
                0x10002a64                irq_set_enabled
 .text.irq_is_enabled
                0x10002a88       0x18 CMakeFiles/Advent.dir/Users/lars/.pico-sdk/sdk/2.0.0/src/rp2_common/hardware_irq/irq.c.obj
                0x10002a88                irq_is_enabled
 .text.irq_set_exclusive_handler
                0x10002aa0       0x54 CMakeFiles/Advent.dir/Users/lars/.pico-sdk/sdk/2.0.0/src/rp2_common/hardware_irq/irq.c.obj
                0x10002aa0                irq_set_exclusive_handler
 .text.irq_add_shared_handler
                0x10002af4      0x1f4 CMakeFiles/Advent.dir/Users/lars/.pico-sdk/sdk/2.0.0/src/rp2_common/hardware_irq/irq.c.obj
                0x10002af4                irq_add_shared_handler
 .text.irq_remove_handler
                0x10002ce8      0x1d4 CMakeFiles/Advent.dir/Users/lars/.pico-sdk/sdk/2.0.0/src/rp2_common/hardware_irq/irq.c.obj
                0x10002ce8                irq_remove_handler
 .text.irq_add_tail_to_free_list
                0x10002ebc       0xb4 CMakeFiles/Advent.dir/Users/lars/.pico-sdk/sdk/2.0.0/src/rp2_common/hardware_irq/irq.c.obj
                0x10002ebc                irq_add_tail_to_free_list
 .text.lock_init
                0x10002f70       0x10 CMakeFiles/Advent.dir/Users/lars/.pico-sdk/sdk/2.0.0/src/common/pico_sync/lock_core.c.obj
                0x10002f70                lock_init
 .text.runtime_init_mutex
                0x10002f80       0x50 CMakeFiles/Advent.dir/Users/lars/.pico-sdk/sdk/2.0.0/src/common/pico_sync/mutex.c.obj
                0x10002f80                runtime_init_mutex
 .text.sleep_until_callback
                0x10002fd0       0x30 CMakeFiles/Advent.dir/Users/lars/.pico-sdk/sdk/2.0.0/src/common/pico_time/time.c.obj
 .text.alarm_pool_irq_handler
                0x10003000      0x2e4 CMakeFiles/Advent.dir/Users/lars/.pico-sdk/sdk/2.0.0/src/common/pico_time/time.c.obj
 .text.runtime_init_default_alarm_pool
                0x100032e4       0xdc CMakeFiles/Advent.dir/Users/lars/.pico-sdk/sdk/2.0.0/src/common/pico_time/time.c.obj
                0x100032e4                runtime_init_default_alarm_pool
 .text.alarm_pool_get_default
                0x100033c0        0x8 CMakeFiles/Advent.dir/Users/lars/.pico-sdk/sdk/2.0.0/src/common/pico_time/time.c.obj
                0x100033c0                alarm_pool_get_default
 .text.alarm_pool_add_alarm_at_force_in_context
                0x100033c8       0xb0 CMakeFiles/Advent.dir/Users/lars/.pico-sdk/sdk/2.0.0/src/common/pico_time/time.c.obj
                0x100033c8                alarm_pool_add_alarm_at_force_in_context
 .text.alarm_pool_cancel_alarm
                0x10003478       0x74 CMakeFiles/Advent.dir/Users/lars/.pico-sdk/sdk/2.0.0/src/common/pico_time/time.c.obj
                0x10003478                alarm_pool_cancel_alarm
 .text.sleep_until
                0x100034ec       0xd8 CMakeFiles/Advent.dir/Users/lars/.pico-sdk/sdk/2.0.0/src/common/pico_time/time.c.obj
                0x100034ec                sleep_until
 .text.sleep_ms
                0x100035c4       0x38 CMakeFiles/Advent.dir/Users/lars/.pico-sdk/sdk/2.0.0/src/common/pico_time/time.c.obj
                0x100035c4                sleep_ms
 .text.best_effort_wfe_or_timeout
                0x100035fc      0x134 CMakeFiles/Advent.dir/Users/lars/.pico-sdk/sdk/2.0.0/src/common/pico_time/time.c.obj
                0x100035fc                best_effort_wfe_or_timeout
 .text.alarm_pool_add_repeating_timer_us
                0x10003730      0x128 CMakeFiles/Advent.dir/Users/lars/.pico-sdk/sdk/2.0.0/src/common/pico_time/time.c.obj
                0x10003730                alarm_pool_add_repeating_timer_us
 .text.timer_hardware_alarm_claim
                0x10003858       0x14 CMakeFiles/Advent.dir/Users/lars/.pico-sdk/sdk/2.0.0/src/rp2_common/hardware_timer/timer.c.obj
                0x10003858                timer_hardware_alarm_claim
 .text.timer_time_us_64
                0x1000386c       0x10 CMakeFiles/Advent.dir/Users/lars/.pico-sdk/sdk/2.0.0/src/rp2_common/hardware_timer/timer.c.obj
                0x1000386c                timer_time_us_64
 .text.time_us_64
                0x1000387c       0x14 CMakeFiles/Advent.dir/Users/lars/.pico-sdk/sdk/2.0.0/src/rp2_common/hardware_timer/timer.c.obj
                0x1000387c                time_us_64
 .text.busy_wait_us
                0x10003890       0x68 CMakeFiles/Advent.dir/Users/lars/.pico-sdk/sdk/2.0.0/src/rp2_common/hardware_timer/timer.c.obj
                0x10003890                busy_wait_us
 .text.busy_wait_until
                0x100038f8       0x20 CMakeFiles/Advent.dir/Users/lars/.pico-sdk/sdk/2.0.0/src/rp2_common/hardware_timer/timer.c.obj
                0x100038f8                busy_wait_until
 .text.clock_configure
                0x10003918      0x110 CMakeFiles/Advent.dir/Users/lars/.pico-sdk/sdk/2.0.0/src/rp2_common/hardware_clocks/clocks.c.obj
                0x10003918                clock_configure
 .text.clock_configure_int_divider
                0x10003a28       0xf4 CMakeFiles/Advent.dir/Users/lars/.pico-sdk/sdk/2.0.0/src/rp2_common/hardware_clocks/clocks.c.obj
                0x10003a28                clock_configure_int_divider
 .text.clock_configure_undivided
                0x10003b1c       0xe8 CMakeFiles/Advent.dir/Users/lars/.pico-sdk/sdk/2.0.0/src/rp2_common/hardware_clocks/clocks.c.obj
                0x10003b1c                clock_configure_undivided
 .text.clock_get_hz
                0x10003c04        0xc CMakeFiles/Advent.dir/Users/lars/.pico-sdk/sdk/2.0.0/src/rp2_common/hardware_clocks/clocks.c.obj
                0x10003c04                clock_get_hz
 .text.set_sys_clock_pll
                0x10003c10      0x1b8 CMakeFiles/Advent.dir/Users/lars/.pico-sdk/sdk/2.0.0/src/rp2_common/hardware_clocks/clocks.c.obj
                0x10003c10                set_sys_clock_pll
 .text.check_sys_clock_khz
                0x10003dc8      0x234 CMakeFiles/Advent.dir/Users/lars/.pico-sdk/sdk/2.0.0/src/rp2_common/hardware_clocks/clocks.c.obj
                0x10003dc8                check_sys_clock_khz
 .text.pll_init
                0x10003ffc       0xa4 CMakeFiles/Advent.dir/Users/lars/.pico-sdk/sdk/2.0.0/src/rp2_common/hardware_pll/pll.c.obj
                0x10003ffc                pll_init
 .text.tick_start
                0x100040a0       0x10 CMakeFiles/Advent.dir/Users/lars/.pico-sdk/sdk/2.0.0/src/rp2_common/hardware_ticks/ticks.c.obj
                0x100040a0                tick_start
 .text.xosc_init
                0x100040b0       0x28 CMakeFiles/Advent.dir/Users/lars/.pico-sdk/sdk/2.0.0/src/rp2_common/hardware_xosc/xosc.c.obj
                0x100040b0                xosc_init
 .text.first_per_core_initializer
                0x100040d8        0x4 CMakeFiles/Advent.dir/Users/lars/.pico-sdk/sdk/2.0.0/src/rp2_common/pico_runtime/runtime.c.obj
 .text.hard_assertion_failure
                0x100040dc        0xc CMakeFiles/Advent.dir/Users/lars/.pico-sdk/sdk/2.0.0/src/rp2_common/pico_runtime/runtime.c.obj
                0x100040dc                hard_assertion_failure
 .text.runtime_run_initializers
                0x100040e8       0x28 CMakeFiles/Advent.dir/Users/lars/.pico-sdk/sdk/2.0.0/src/rp2_common/pico_runtime/runtime.c.obj
                0x100040e8                runtime_run_initializers
 .text.runtime_run_per_core_initializers
                0x10004110       0x28 CMakeFiles/Advent.dir/Users/lars/.pico-sdk/sdk/2.0.0/src/rp2_common/pico_runtime/runtime.c.obj
                0x10004110                runtime_run_per_core_initializers
 .text.runtime_init_early_resets
                0x10004138       0x2c CMakeFiles/Advent.dir/Users/lars/.pico-sdk/sdk/2.0.0/src/rp2_common/pico_runtime_init/runtime_init.c.obj
                0x10004138                runtime_init_early_resets
 .text.runtime_init_usb_power_down
                0x10004164       0x1c CMakeFiles/Advent.dir/Users/lars/.pico-sdk/sdk/2.0.0/src/rp2_common/pico_runtime_init/runtime_init.c.obj
                0x10004164                runtime_init_usb_power_down
 .text.runtime_init_post_clock_resets
                0x10004180       0x20 CMakeFiles/Advent.dir/Users/lars/.pico-sdk/sdk/2.0.0/src/rp2_common/pico_runtime_init/runtime_init.c.obj
                0x10004180                runtime_init_post_clock_resets
 .text.runtime_init_rp2040_gpio_ie_disable
                0x100041a0       0x14 CMakeFiles/Advent.dir/Users/lars/.pico-sdk/sdk/2.0.0/src/rp2_common/pico_runtime_init/runtime_init.c.obj
                0x100041a0                runtime_init_rp2040_gpio_ie_disable
 .text.runtime_init_spin_locks_reset
                0x100041b4        0x8 CMakeFiles/Advent.dir/Users/lars/.pico-sdk/sdk/2.0.0/src/rp2_common/pico_runtime_init/runtime_init.c.obj
                0x100041b4                runtime_init_spin_locks_reset
 .text.runtime_init_install_ram_vector_table
                0x100041bc       0x1c CMakeFiles/Advent.dir/Users/lars/.pico-sdk/sdk/2.0.0/src/rp2_common/pico_runtime_init/runtime_init.c.obj
                0x100041bc                runtime_init_install_ram_vector_table
 .text.runtime_init_clocks
                0x100041d8       0xd8 CMakeFiles/Advent.dir/Users/lars/.pico-sdk/sdk/2.0.0/src/rp2_common/pico_runtime_init/runtime_init_clocks.c.obj
                0x100041d8                runtime_init_clocks
 .text          0x100042b0       0x10 CMakeFiles/Advent.dir/Users/lars/.pico-sdk/sdk/2.0.0/src/rp2_common/pico_bit_ops/bit_ops_aeabi.S.obj
 .text.rom_func_lookup
                0x100042c0       0x10 CMakeFiles/Advent.dir/Users/lars/.pico-sdk/sdk/2.0.0/src/rp2_common/pico_bootrom/bootrom.c.obj
                0x100042c0                rom_func_lookup
 .text.rom_data_lookup
                0x100042d0       0x10 CMakeFiles/Advent.dir/Users/lars/.pico-sdk/sdk/2.0.0/src/rp2_common/pico_bootrom/bootrom.c.obj
                0x100042d0                rom_data_lookup
 .text.rom_funcs_lookup
                0x100042e0       0x44 CMakeFiles/Advent.dir/Users/lars/.pico-sdk/sdk/2.0.0/src/rp2_common/pico_bootrom/bootrom.c.obj
                0x100042e0                rom_funcs_lookup
 .text.__wrap___aeabi_idiv
                0x10004324       0x50 CMakeFiles/Advent.dir/Users/lars/.pico-sdk/sdk/2.0.0/src/rp2_common/pico_divider/divider_hardware.S.obj
                0x10004324                __wrap___aeabi_idivmod
                0x10004324                divmod_s32s32
                0x10004324                div_s32s32
                0x10004324                __wrap___aeabi_idiv
                0x1000432c                divmod_s32s32_unsafe
                0x10004358                divmod_s32s32_savestate
 .text.__wrap___aeabi_uidiv
                0x10004374       0x4c CMakeFiles/Advent.dir/Users/lars/.pico-sdk/sdk/2.0.0/src/rp2_common/pico_divider/divider_hardware.S.obj
                0x10004374                __wrap___aeabi_uidiv
                0x10004374                __wrap___aeabi_uidivmod
                0x10004374                div_u32u32
                0x10004374                divmod_u32u32
                0x1000437c                divmod_u32u32_unsafe
                0x100043a4                divmod_u32u32_savestate
 .text.__wrap___aeabi_ldiv
                0x100043c0      0x424 CMakeFiles/Advent.dir/Users/lars/.pico-sdk/sdk/2.0.0/src/rp2_common/pico_divider/divider_hardware.S.obj
                0x100043c0                __wrap___aeabi_ldivmod
                0x100043c0                div_s64s64
                0x100043c0                divmod_s64s64
                0x100043f0                divmod_u64u64
                0x100043f0                div_u64u64
                0x100043f0                __wrap___aeabi_uldivmod
                0x10004400                divmod_u64u64_savestate
                0x10004420                divmod_s64s64_unsafe
                0x100044a8                divmod_u64u64_unsafe
 .text.__wrap___aeabi_darithmetic
                0x100047e4       0x80 CMakeFiles/Advent.dir/Users/lars/.pico-sdk/sdk/2.0.0/src/rp2_common/pico_double/double_aeabi_rp2040.S.obj
                0x100047e4                __wrap___aeabi_drsub
                0x100047ea                __wrap___aeabi_dsub
                0x100047fc                __wrap___aeabi_dadd
                0x1000480e                __wrap___aeabi_ddiv
                0x1000484a                __wrap___aeabi_dmul
 .text.__wrap___aeabi_cdcmple
                0x10004864       0x6c CMakeFiles/Advent.dir/Users/lars/.pico-sdk/sdk/2.0.0/src/rp2_common/pico_double/double_aeabi_rp2040.S.obj
                0x10004864                __wrap___aeabi_cdrcmple
                0x10004874                __wrap___aeabi_cdcmple
                0x10004874                __wrap___aeabi_cdcmpeq
 .text.__wrap___aeabi_dcmplt
                0x100048d0        0xc CMakeFiles/Advent.dir/Users/lars/.pico-sdk/sdk/2.0.0/src/rp2_common/pico_double/double_aeabi_rp2040.S.obj
                0x100048d0                __wrap___aeabi_dcmplt
 .text.__wrap___aeabi_dcmpge
                0x100048dc       0x10 CMakeFiles/Advent.dir/Users/lars/.pico-sdk/sdk/2.0.0/src/rp2_common/pico_double/double_aeabi_rp2040.S.obj
                0x100048dc                __wrap___aeabi_dcmpge
 .text.__wrap___aeabi_dcmpgt
                0x100048ec        0xa CMakeFiles/Advent.dir/Users/lars/.pico-sdk/sdk/2.0.0/src/rp2_common/pico_double/double_aeabi_rp2040.S.obj
                0x100048ec                __wrap___aeabi_dcmpgt
 .text.__wrap___aeabi_dcmpun
                0x100048f6       0x18 CMakeFiles/Advent.dir/Users/lars/.pico-sdk/sdk/2.0.0/src/rp2_common/pico_double/double_aeabi_rp2040.S.obj
                0x100048f6                __wrap___aeabi_dcmpun
 *fill*         0x1000490e        0x2 
 .text.__wrap___aeabi_i2d
                0x10004910       0x38 CMakeFiles/Advent.dir/Users/lars/.pico-sdk/sdk/2.0.0/src/rp2_common/pico_double/double_aeabi_rp2040.S.obj
                0x10004910                __wrap___aeabi_ui2d
                0x10004918                __wrap___aeabi_i2d
 .text.__wrap___aeabi_d2iz
                0x10004948       0x48 CMakeFiles/Advent.dir/Users/lars/.pico-sdk/sdk/2.0.0/src/rp2_common/pico_double/double_aeabi_rp2040.S.obj
                0x10004948                __wrap___aeabi_d2iz
                0x10004948                double2int_z
 .text.__wrap___aeabi_d2uiz
                0x10004990       0x18 CMakeFiles/Advent.dir/Users/lars/.pico-sdk/sdk/2.0.0/src/rp2_common/pico_double/double_aeabi_rp2040.S.obj
                0x10004990                double2uint
                0x10004990                __wrap___aeabi_d2uiz
 .text.__wrap___aeabi_d2f
                0x100049a8       0x18 CMakeFiles/Advent.dir/Users/lars/.pico-sdk/sdk/2.0.0/src/rp2_common/pico_double/double_aeabi_rp2040.S.obj
                0x100049a8                __wrap___aeabi_d2f
 .text.__aeabi_double_init
                0x100049c0       0xa4 CMakeFiles/Advent.dir/Users/lars/.pico-sdk/sdk/2.0.0/src/rp2_common/pico_double/double_init_rom_rp2040.c.obj
                0x100049c0                __aeabi_double_init
 .text.double_table_shim_on_use_helper
                0x10004a64       0x2c CMakeFiles/Advent.dir/Users/lars/.pico-sdk/sdk/2.0.0/src/rp2_common/pico_double/double_v1_rom_shim_rp2040.S.obj
                0x10004a64                double_table_shim_on_use_helper
 .text.__wrap___aeabi_dsub
                0x10004a90       0x10 CMakeFiles/Advent.dir/Users/lars/.pico-sdk/sdk/2.0.0/src/rp2_common/pico_double/double_v1_rom_shim_rp2040.S.obj
                0x10004a90                drsub_shim
                0x10004a96                dsub_shim
 .text.dadd_shim
                0x10004aa0      0x15c CMakeFiles/Advent.dir/Users/lars/.pico-sdk/sdk/2.0.0/src/rp2_common/pico_double/double_v1_rom_shim_rp2040.S.obj
                0x10004aa0                dadd_shim
 .text.dmul_shim
                0x10004bfc      0x15c CMakeFiles/Advent.dir/Users/lars/.pico-sdk/sdk/2.0.0/src/rp2_common/pico_double/double_v1_rom_shim_rp2040.S.obj
                0x10004bfc                dmul_shim
 .text.ddiv_shim
                0x10004d58      0x1b0 CMakeFiles/Advent.dir/Users/lars/.pico-sdk/sdk/2.0.0/src/rp2_common/pico_double/double_v1_rom_shim_rp2040.S.obj
                0x10004d58                ddiv_shim
 .text.double2uint_shim
                0x10004f08        0xe CMakeFiles/Advent.dir/Users/lars/.pico-sdk/sdk/2.0.0/src/rp2_common/pico_double/double_v1_rom_shim_rp2040.S.obj
                0x10004f08                double2uint_shim
                0x10004f0a                double2ufix_shim
 *fill*         0x10004f16        0x2 
 .text.double2uint64_shim
                0x10004f18       0x70 CMakeFiles/Advent.dir/Users/lars/.pico-sdk/sdk/2.0.0/src/rp2_common/pico_double/double_v1_rom_shim_rp2040.S.obj
                0x10004f18                double2uint64_shim
                0x10004f1a                double2ufix64_shim
                0x10004f3a                d2fix_a
 .text.double2float_shim
                0x10004f88       0x5c CMakeFiles/Advent.dir/Users/lars/.pico-sdk/sdk/2.0.0/src/rp2_common/pico_double/double_v1_rom_shim_rp2040.S.obj
                0x10004f88                double2float_shim
 .text.dunpacks
                0x10004fe4       0x3c CMakeFiles/Advent.dir/Users/lars/.pico-sdk/sdk/2.0.0/src/rp2_common/pico_double/double_v1_rom_shim_rp2040.S.obj
                0x10004fe4                dunpacks
 .text.__aeabi_lmul
                0x10005020       0x32 CMakeFiles/Advent.dir/Users/lars/.pico-sdk/sdk/2.0.0/src/rp2_common/pico_int64_ops/pico_int64_ops_aeabi.S.obj
                0x10005020                __wrap___aeabi_lmul
 *fill*         0x10005052        0x2 
 .text.__wrap___aeabi_farithmetic
                0x10005054       0x48 CMakeFiles/Advent.dir/Users/lars/.pico-sdk/sdk/2.0.0/src/rp2_common/pico_float/float_aeabi_rp2040.S.obj
                0x10005054                __wrap___aeabi_frsub
                0x1000505a                __wrap___aeabi_fsub
                0x10005060                __wrap___aeabi_fadd
                0x10005066                __wrap___aeabi_fdiv
                0x1000508e                __wrap___aeabi_fmul
 .text.__wrap___aeabi_cfcmple
                0x1000509c       0x50 CMakeFiles/Advent.dir/Users/lars/.pico-sdk/sdk/2.0.0/src/rp2_common/pico_float/float_aeabi_rp2040.S.obj
                0x1000509c                __wrap___aeabi_cfrcmple
                0x100050a8                __wrap___aeabi_cfcmpeq
                0x100050a8                __wrap___aeabi_cfcmple
 .text.__wrap___aeabi_fcmple
                0x100050ec       0x10 CMakeFiles/Advent.dir/Users/lars/.pico-sdk/sdk/2.0.0/src/rp2_common/pico_float/float_aeabi_rp2040.S.obj
                0x100050ec                __wrap___aeabi_fcmple
 .text.__wrap___aeabi_ui2f
                0x100050fc        0xa CMakeFiles/Advent.dir/Users/lars/.pico-sdk/sdk/2.0.0/src/rp2_common/pico_float/float_aeabi_rp2040.S.obj
                0x100050fc                uint2float
                0x100050fc                __wrap___aeabi_ui2f
 *fill*         0x10005106        0x2 
 .text.__wrap___aeabi_i2f
                0x10005108       0x44 CMakeFiles/Advent.dir/Users/lars/.pico-sdk/sdk/2.0.0/src/rp2_common/pico_float/float_aeabi_rp2040.S.obj
                0x10005108                int2float
                0x10005108                __wrap___aeabi_i2f
 .text.__wrap___aeabi_f2iz
                0x1000514c       0x4e CMakeFiles/Advent.dir/Users/lars/.pico-sdk/sdk/2.0.0/src/rp2_common/pico_float/float_aeabi_rp2040.S.obj
                0x1000514c                __wrap___aeabi_f2iz
                0x1000514c                float2int_z
 *fill*         0x1000519a        0x2 
 .text.float2int
                0x1000519c       0x14 CMakeFiles/Advent.dir/Users/lars/.pico-sdk/sdk/2.0.0/src/rp2_common/pico_float/float_aeabi_rp2040.S.obj
                0x1000519c                float2int
 .text.__wrap___aeabi_f2uiz
                0x100051b0        0xc CMakeFiles/Advent.dir/Users/lars/.pico-sdk/sdk/2.0.0/src/rp2_common/pico_float/float_aeabi_rp2040.S.obj
                0x100051b0                float2uint_z
                0x100051b0                __wrap___aeabi_f2uiz
 .text.__wrap___aeabi_f2d
                0x100051bc       0x14 CMakeFiles/Advent.dir/Users/lars/.pico-sdk/sdk/2.0.0/src/rp2_common/pico_float/float_aeabi_rp2040.S.obj
                0x100051bc                __wrap___aeabi_f2d
 .text.__aeabi_float_init
                0x100051d0       0x64 CMakeFiles/Advent.dir/Users/lars/.pico-sdk/sdk/2.0.0/src/rp2_common/pico_float/float_init_rom_rp2040.c.obj
                0x100051d0                __aeabi_float_init
 .text.float_table_shim_on_use_helper
                0x10005234       0x2c CMakeFiles/Advent.dir/Users/lars/.pico-sdk/sdk/2.0.0/src/rp2_common/pico_float/float_v1_rom_shim_rp2040.S.obj
                0x10005234                float_table_shim_on_use_helper
 .text.float232_shims
                0x10005260       0x18 CMakeFiles/Advent.dir/Users/lars/.pico-sdk/sdk/2.0.0/src/rp2_common/pico_float/float_v1_rom_shim_rp2040.S.obj
                0x10005260                float2int_shim
                0x10005262                float2fix_shim
 .text.float2double_shim
                0x10005278       0x30 CMakeFiles/Advent.dir/Users/lars/.pico-sdk/sdk/2.0.0/src/rp2_common/pico_float/float_v1_rom_shim_rp2040.S.obj
                0x10005278                float2double_shim
 .text.__wrap_malloc
                0x100052a8       0x3c CMakeFiles/Advent.dir/Users/lars/.pico-sdk/sdk/2.0.0/src/rp2_common/pico_malloc/malloc.c.obj
                0x100052a8                __wrap_malloc
 .text.__wrap_realloc
                0x100052e4       0x40 CMakeFiles/Advent.dir/Users/lars/.pico-sdk/sdk/2.0.0/src/rp2_common/pico_malloc/malloc.c.obj
                0x100052e4                __wrap_realloc
 .text.__wrap_free
                0x10005324       0x20 CMakeFiles/Advent.dir/Users/lars/.pico-sdk/sdk/2.0.0/src/rp2_common/pico_malloc/malloc.c.obj
                0x10005324                __wrap_free
 .text          0x10005344       0x10 CMakeFiles/Advent.dir/Users/lars/.pico-sdk/sdk/2.0.0/src/rp2_common/pico_mem_ops/mem_ops_aeabi.S.obj
                0x10005344                __aeabi_mem_init
 .text.memset   0x10005354        0xc CMakeFiles/Advent.dir/Users/lars/.pico-sdk/sdk/2.0.0/src/rp2_common/pico_mem_ops/mem_ops_aeabi.S.obj
                0x10005354                __wrap_memset
 .text.memcpy   0x10005360        0xc CMakeFiles/Advent.dir/Users/lars/.pico-sdk/sdk/2.0.0/src/rp2_common/pico_mem_ops/mem_ops_aeabi.S.obj
                0x10005360                __wrap___aeabi_memcpy
                0x10005360                __wrap_memcpy
 .text._out_buffer
                0x1000536c        0x8 CMakeFiles/Advent.dir/Users/lars/.pico-sdk/sdk/2.0.0/src/rp2_common/pico_printf/printf.c.obj
 .text._out_null
                0x10005374        0x4 CMakeFiles/Advent.dir/Users/lars/.pico-sdk/sdk/2.0.0/src/rp2_common/pico_printf/printf.c.obj
 .text._out_rev
                0x10005378       0xac CMakeFiles/Advent.dir/Users/lars/.pico-sdk/sdk/2.0.0/src/rp2_common/pico_printf/printf.c.obj
 .text._ntoa_format
                0x10005424      0x250 CMakeFiles/Advent.dir/Users/lars/.pico-sdk/sdk/2.0.0/src/rp2_common/pico_printf/printf.c.obj
 .text._out_char
                0x10005674       0x10 CMakeFiles/Advent.dir/Users/lars/.pico-sdk/sdk/2.0.0/src/rp2_common/pico_printf/printf.c.obj
 .text._out_fct
                0x10005684       0x10 CMakeFiles/Advent.dir/Users/lars/.pico-sdk/sdk/2.0.0/src/rp2_common/pico_printf/printf.c.obj
 .text._etoa    0x10005694      0x464 CMakeFiles/Advent.dir/Users/lars/.pico-sdk/sdk/2.0.0/src/rp2_common/pico_printf/printf.c.obj
 .text._ftoa    0x10005af8      0x3c0 CMakeFiles/Advent.dir/Users/lars/.pico-sdk/sdk/2.0.0/src/rp2_common/pico_printf/printf.c.obj
 .text._vsnprintf
                0x10005eb8      0xbc8 CMakeFiles/Advent.dir/Users/lars/.pico-sdk/sdk/2.0.0/src/rp2_common/pico_printf/printf.c.obj
 .text.__wrap_sprintf
                0x10006a80       0x2c CMakeFiles/Advent.dir/Users/lars/.pico-sdk/sdk/2.0.0/src/rp2_common/pico_printf/printf.c.obj
                0x10006a80                __wrap_sprintf
 .text.vfctprintf
                0x10006aac       0x20 CMakeFiles/Advent.dir/Users/lars/.pico-sdk/sdk/2.0.0/src/rp2_common/pico_printf/printf.c.obj
                0x10006aac                vfctprintf
 .text.weak_raw_vprintf
                0x10006acc       0x30 CMakeFiles/Advent.dir/Users/lars/.pico-sdk/sdk/2.0.0/src/rp2_common/pico_printf/printf.c.obj
                0x10006acc                weak_raw_vprintf
 .text._exit    0x10006afc        0x4 CMakeFiles/Advent.dir/Users/lars/.pico-sdk/sdk/2.0.0/src/rp2_common/pico_clib_interface/newlib_interface.c.obj
                0x10006afc                _exit
 .text._sbrk    0x10006b00       0x34 CMakeFiles/Advent.dir/Users/lars/.pico-sdk/sdk/2.0.0/src/rp2_common/pico_clib_interface/newlib_interface.c.obj
                0x10006b00                _sbrk
 .text._getpid  0x10006b34        0x4 CMakeFiles/Advent.dir/Users/lars/.pico-sdk/sdk/2.0.0/src/rp2_common/pico_clib_interface/newlib_interface.c.obj
                0x10006b34                _getpid
 .text._kill    0x10006b38        0x8 CMakeFiles/Advent.dir/Users/lars/.pico-sdk/sdk/2.0.0/src/rp2_common/pico_clib_interface/newlib_interface.c.obj
                0x10006b38                _kill
 .text._read    0x10006b40       0x24 CMakeFiles/Advent.dir/Users/lars/.pico-sdk/sdk/2.0.0/src/rp2_common/pico_clib_interface/newlib_interface.c.obj
                0x10006b40                _read
 .text._write   0x10006b64       0x24 CMakeFiles/Advent.dir/Users/lars/.pico-sdk/sdk/2.0.0/src/rp2_common/pico_clib_interface/newlib_interface.c.obj
                0x10006b64                _write
 .text._close   0x10006b88        0x8 CMakeFiles/Advent.dir/Users/lars/.pico-sdk/sdk/2.0.0/src/rp2_common/pico_clib_interface/newlib_interface.c.obj
                0x10006b88                _close
 .text._lseek   0x10006b90        0x8 CMakeFiles/Advent.dir/Users/lars/.pico-sdk/sdk/2.0.0/src/rp2_common/pico_clib_interface/newlib_interface.c.obj
                0x10006b90                _lseek
 .text._fstat   0x10006b98        0x8 CMakeFiles/Advent.dir/Users/lars/.pico-sdk/sdk/2.0.0/src/rp2_common/pico_clib_interface/newlib_interface.c.obj
                0x10006b98                _fstat
 .text._isatty  0x10006ba0        0xc CMakeFiles/Advent.dir/Users/lars/.pico-sdk/sdk/2.0.0/src/rp2_common/pico_clib_interface/newlib_interface.c.obj
                0x10006ba0                _isatty
 .text.exit     0x10006bac        0x8 CMakeFiles/Advent.dir/Users/lars/.pico-sdk/sdk/2.0.0/src/rp2_common/pico_clib_interface/newlib_interface.c.obj
                0x10006bac                exit
 .text.runtime_init
                0x10006bb4       0x2c CMakeFiles/Advent.dir/Users/lars/.pico-sdk/sdk/2.0.0/src/rp2_common/pico_clib_interface/newlib_interface.c.obj
                0x10006bb4                runtime_init
 .text.stdio_out_chars_no_crlf
                0x10006be0       0x10 CMakeFiles/Advent.dir/Users/lars/.pico-sdk/sdk/2.0.0/src/rp2_common/pico_stdio/stdio.c.obj
 .text.stdio_out_chars_crlf
                0x10006bf0       0x94 CMakeFiles/Advent.dir/Users/lars/.pico-sdk/sdk/2.0.0/src/rp2_common/pico_stdio/stdio.c.obj
 .text.stdio_buffered_printer
                0x10006c84       0x64 CMakeFiles/Advent.dir/Users/lars/.pico-sdk/sdk/2.0.0/src/rp2_common/pico_stdio/stdio.c.obj
 .text.stdio_put_string
                0x10006ce8      0x100 CMakeFiles/Advent.dir/Users/lars/.pico-sdk/sdk/2.0.0/src/rp2_common/pico_stdio/stdio.c.obj
                0x10006ce8                stdio_put_string
 .text.stdio_get_until
                0x10006de8       0x84 CMakeFiles/Advent.dir/Users/lars/.pico-sdk/sdk/2.0.0/src/rp2_common/pico_stdio/stdio.c.obj
                0x10006de8                stdio_get_until
 .text.stdio_init_all
                0x10006e6c        0x4 CMakeFiles/Advent.dir/Users/lars/.pico-sdk/sdk/2.0.0/src/rp2_common/pico_stdio/stdio.c.obj
                0x10006e6c                stdio_init_all
 .text.__wrap_putchar
                0x10006e70       0x98 CMakeFiles/Advent.dir/Users/lars/.pico-sdk/sdk/2.0.0/src/rp2_common/pico_stdio/stdio.c.obj
                0x10006e70                stdio_putchar
                0x10006e70                __wrap_putchar
 .text.__wrap_puts
                0x10006f08       0x3c CMakeFiles/Advent.dir/Users/lars/.pico-sdk/sdk/2.0.0/src/rp2_common/pico_stdio/stdio.c.obj
                0x10006f08                __wrap_puts
                0x10006f08                stdio_puts
 .text.__wrap_vprintf
                0x10006f44       0xd4 CMakeFiles/Advent.dir/Users/lars/.pico-sdk/sdk/2.0.0/src/rp2_common/pico_stdio/stdio.c.obj
                0x10006f44                __wrap_vprintf
                0x10006f44                stdio_vprintf
 .text.__wrap_printf
                0x10007018       0x18 CMakeFiles/Advent.dir/Users/lars/.pico-sdk/sdk/2.0.0/src/rp2_common/pico_stdio/stdio.c.obj
                0x10007018                stdio_printf
                0x10007018                __wrap_printf
 .text.DEV_Delay_ms
                0x10007030        0x8 CMakeFiles/Advent.dir/__/lib/Config/DEV_Config.c.obj
                0x10007030                DEV_Delay_ms
 .text.DEV_Digital_Write
                0x10007038       0x14 CMakeFiles/Advent.dir/__/lib/Config/DEV_Config.c.obj
                0x10007038                DEV_Digital_Write
 .text.DEV_SPI_WriteByte
                0x1000704c       0x18 CMakeFiles/Advent.dir/__/lib/Config/DEV_Config.c.obj
                0x1000704c                DEV_SPI_WriteByte
 .text.DEV_SPI_Write_nByte
                0x10007064        0x8 CMakeFiles/Advent.dir/__/lib/Config/DEV_Config.c.obj
                0x10007064                DEV_SPI_Write_nByte
 .text.DEV_I2C_Write_Byte
                0x1000706c       0x1c CMakeFiles/Advent.dir/__/lib/Config/DEV_Config.c.obj
                0x1000706c                DEV_I2C_Write_Byte
 .text.DEV_I2C_Read_Byte
                0x10007088       0x34 CMakeFiles/Advent.dir/__/lib/Config/DEV_Config.c.obj
                0x10007088                DEV_I2C_Read_Byte
 .text.DEV_SET_PWM
                0x100070bc       0x40 CMakeFiles/Advent.dir/__/lib/Config/DEV_Config.c.obj
                0x100070bc                DEV_SET_PWM
 .text.DEV_IRQ_SET
                0x100070fc        0xc CMakeFiles/Advent.dir/__/lib/Config/DEV_Config.c.obj
                0x100070fc                DEV_IRQ_SET
 .text.DEV_Module_Init
                0x10007108      0x1a4 CMakeFiles/Advent.dir/__/lib/Config/DEV_Config.c.obj
                0x10007108                DEV_Module_Init
 .text.spi_init
                0x100072ac      0x13c CMakeFiles/Advent.dir/Users/lars/.pico-sdk/sdk/2.0.0/src/rp2_common/hardware_spi/spi.c.obj
                0x100072ac                spi_init
 .text.i2c_set_baudrate
                0x100073e8       0xc0 CMakeFiles/Advent.dir/Users/lars/.pico-sdk/sdk/2.0.0/src/rp2_common/hardware_i2c/i2c.c.obj
                0x100073e8                i2c_set_baudrate
 .text.i2c_init
                0x100074a8       0x50 CMakeFiles/Advent.dir/Users/lars/.pico-sdk/sdk/2.0.0/src/rp2_common/hardware_i2c/i2c.c.obj
                0x100074a8                i2c_init
 .text.i2c_write_blocking
                0x100074f8       0xd0 CMakeFiles/Advent.dir/Users/lars/.pico-sdk/sdk/2.0.0/src/rp2_common/hardware_i2c/i2c.c.obj
                0x100074f8                i2c_write_blocking
 .text.i2c_read_blocking
                0x100075c8       0x90 CMakeFiles/Advent.dir/Users/lars/.pico-sdk/sdk/2.0.0/src/rp2_common/hardware_i2c/i2c.c.obj
                0x100075c8                i2c_read_blocking
 .text.adc_init
                0x10007658       0x38 CMakeFiles/Advent.dir/Users/lars/.pico-sdk/sdk/2.0.0/src/rp2_common/hardware_adc/adc.c.obj
                0x10007658                adc_init
 .text.dma_claim_unused_channel
                0x10007690       0x24 CMakeFiles/Advent.dir/Users/lars/.pico-sdk/sdk/2.0.0/src/rp2_common/hardware_dma/dma.c.obj
                0x10007690                dma_claim_unused_channel
 .text.LCD_1IN28_Init
                0x100076b4      0xc10 CMakeFiles/Advent.dir/__/lib/LCD_LVGL/LCD_1in28.c.obj
                0x100076b4                LCD_1IN28_Init
 .text.LCD_1IN28_SetWindows
                0x100082c4       0xd8 CMakeFiles/Advent.dir/__/lib/LCD_LVGL/LCD_1in28.c.obj
                0x100082c4                LCD_1IN28_SetWindows
 .text.LCD_1IN28_Clear
                0x1000839c       0x58 CMakeFiles/Advent.dir/__/lib/LCD_LVGL/LCD_1in28.c.obj
                0x1000839c                LCD_1IN28_Clear
 .text.CST816S_init
                0x100083f4       0xd0 CMakeFiles/Advent.dir/__/lib/Touch/CST816S.c.obj
                0x100083f4                CST816S_init
 .text.CST816S_Get_Point
                0x100084c4       0x68 CMakeFiles/Advent.dir/__/lib/Touch/CST816S.c.obj
                0x100084c4                CST816S_Get_Point
 .text.rtc_init
                0x1000852c       0x38 CMakeFiles/Advent.dir/Users/lars/.pico-sdk/sdk/2.0.0/src/rp2_common/hardware_rtc/rtc.c.obj
                0x1000852c                rtc_init
 .text.rtc_set_datetime
                0x10008564       0xac CMakeFiles/Advent.dir/Users/lars/.pico-sdk/sdk/2.0.0/src/rp2_common/hardware_rtc/rtc.c.obj
                0x10008564                rtc_set_datetime
 .text.rtc_get_datetime
                0x10008610       0x44 CMakeFiles/Advent.dir/Users/lars/.pico-sdk/sdk/2.0.0/src/rp2_common/hardware_rtc/rtc.c.obj
                0x10008610                rtc_get_datetime
 .text.pio_add_program
                0x10008654      0x104 CMakeFiles/Advent.dir/Users/lars/.pico-sdk/sdk/2.0.0/src/rp2_common/hardware_pio/pio.c.obj
                0x10008654                pio_add_program
 .text.pio_sm_set_consecutive_pindirs
                0x10008758       0xb4 CMakeFiles/Advent.dir/Users/lars/.pico-sdk/sdk/2.0.0/src/rp2_common/hardware_pio/pio.c.obj
                0x10008758                pio_sm_set_consecutive_pindirs
 .text.pio_sm_init
                0x1000880c       0x98 CMakeFiles/Advent.dir/Users/lars/.pico-sdk/sdk/2.0.0/src/rp2_common/hardware_pio/pio.c.obj
                0x1000880c                pio_sm_init
 .text.core1_trampoline
                0x100088a4        0x4 CMakeFiles/Advent.dir/Users/lars/.pico-sdk/sdk/2.0.0/src/rp2_common/pico_multicore/multicore.c.obj
 .text.core1_wrapper
                0x100088a8        0xc CMakeFiles/Advent.dir/Users/lars/.pico-sdk/sdk/2.0.0/src/rp2_common/pico_multicore/multicore.c.obj
                0x100088a8                core1_wrapper
 .text.multicore_fifo_push_timeout_us
                0x100088b4       0x5c CMakeFiles/Advent.dir/Users/lars/.pico-sdk/sdk/2.0.0/src/rp2_common/pico_multicore/multicore.c.obj
                0x100088b4                multicore_fifo_push_timeout_us
 .text.multicore_fifo_pop_timeout_us
                0x10008910       0x58 CMakeFiles/Advent.dir/Users/lars/.pico-sdk/sdk/2.0.0/src/rp2_common/pico_multicore/multicore.c.obj
                0x10008910                multicore_fifo_pop_timeout_us
 .text.multicore_reset_core1
                0x10008968       0x58 CMakeFiles/Advent.dir/Users/lars/.pico-sdk/sdk/2.0.0/src/rp2_common/pico_multicore/multicore.c.obj
                0x10008968                multicore_reset_core1
 .text.multicore_launch_core1_raw
                0x100089c0       0x84 CMakeFiles/Advent.dir/Users/lars/.pico-sdk/sdk/2.0.0/src/rp2_common/pico_multicore/multicore.c.obj
                0x100089c0                multicore_launch_core1_raw
 .text.multicore_launch_core1
                0x10008a44       0x58 CMakeFiles/Advent.dir/Users/lars/.pico-sdk/sdk/2.0.0/src/rp2_common/pico_multicore/multicore.c.obj
                0x10008a44                multicore_launch_core1
 .text._ZN6DS3231C2EP8i2c_insthh
                0x10008a9c       0x48 CMakeFiles/Advent.dir/__/lib/RP2040DS3231RTC/src/DS3231.cpp.obj
                0x10008a9c                DS3231::DS3231(i2c_inst*, unsigned char, unsigned char)
                0x10008a9c                DS3231::DS3231(i2c_inst*, unsigned char, unsigned char)
 .text._ZN6DS32317get_secEv
                0x10008ae4       0x44 CMakeFiles/Advent.dir/__/lib/RP2040DS3231RTC/src/DS3231.cpp.obj
                0x10008ae4                DS3231::get_sec()
 .text._ZN6DS32317get_minEv
                0x10008b28       0x44 CMakeFiles/Advent.dir/__/lib/RP2040DS3231RTC/src/DS3231.cpp.obj
                0x10008b28                DS3231::get_min()
 .text._ZN6DS32317get_houEv
                0x10008b6c       0x70 CMakeFiles/Advent.dir/__/lib/RP2040DS3231RTC/src/DS3231.cpp.obj
                0x10008b6c                DS3231::get_hou()
 .text._ZN6DS32318set_timeEhhhbb
                0x10008bdc      0x10c CMakeFiles/Advent.dir/__/lib/RP2040DS3231RTC/src/DS3231.cpp.obj
                0x10008bdc                DS3231::set_time(unsigned char, unsigned char, unsigned char, bool, bool)
 .text._ZN6DS32317get_dayEv
                0x10008ce8       0x44 CMakeFiles/Advent.dir/__/lib/RP2040DS3231RTC/src/DS3231.cpp.obj
                0x10008ce8                DS3231::get_day()
 .text._ZN6DS32317get_monEv
                0x10008d2c       0x44 CMakeFiles/Advent.dir/__/lib/RP2040DS3231RTC/src/DS3231.cpp.obj
                0x10008d2c                DS3231::get_mon()
 .text._ZN6DS32318get_yearEv
                0x10008d70       0x4c CMakeFiles/Advent.dir/__/lib/RP2040DS3231RTC/src/DS3231.cpp.obj
                0x10008d70                DS3231::get_year()
 .text._ZN6DS32318set_dateEhhi
                0x10008dbc       0x94 CMakeFiles/Advent.dir/__/lib/RP2040DS3231RTC/src/DS3231.cpp.obj
                0x10008dbc                DS3231::set_date(unsigned char, unsigned char, int)
 .text.lv_disp_get_scr_act
                0x10008e50       0x18 ../liblvgl.a(lv_disp.c.obj)
                0x10008e50                lv_disp_get_scr_act
 .text.lv_disp_get_scr_prev
                0x10008e68       0x18 ../liblvgl.a(lv_disp.c.obj)
                0x10008e68                lv_disp_get_scr_prev
 .text.lv_disp_get_layer_top
                0x10008e80       0x18 ../liblvgl.a(lv_disp.c.obj)
                0x10008e80                lv_disp_get_layer_top
 .text.lv_disp_get_layer_sys
                0x10008e98       0x18 ../liblvgl.a(lv_disp.c.obj)
                0x10008e98                lv_disp_get_layer_sys
 .text.lv_disp_get_theme
                0x10008eb0       0x10 ../liblvgl.a(lv_disp.c.obj)
                0x10008eb0                lv_disp_get_theme
 .text.event_send_core
                0x10008ec0      0x14c ../liblvgl.a(lv_event.c.obj)
 .text.lv_event_send
                0x1000900c       0x64 ../liblvgl.a(lv_event.c.obj)
                0x1000900c                lv_event_send
 .text.lv_obj_event_base
                0x10009070       0x38 ../liblvgl.a(lv_event.c.obj)
                0x10009070                lv_obj_event_base
 .text.lv_event_get_target
                0x100090a8        0x4 ../liblvgl.a(lv_event.c.obj)
                0x100090a8                lv_event_get_target
 .text.lv_event_get_current_target
                0x100090ac        0x4 ../liblvgl.a(lv_event.c.obj)
                0x100090ac                lv_event_get_current_target
 .text.lv_event_get_code
                0x100090b0        0x4 ../liblvgl.a(lv_event.c.obj)
                0x100090b0                lv_event_get_code
 .text.lv_event_get_param
                0x100090b4        0x4 ../liblvgl.a(lv_event.c.obj)
                0x100090b4                lv_event_get_param
 .text.lv_event_get_user_data
                0x100090b8        0x4 ../liblvgl.a(lv_event.c.obj)
                0x100090b8                lv_event_get_user_data
 .text._lv_event_mark_deleted
                0x100090bc       0x30 ../liblvgl.a(lv_event.c.obj)
                0x100090bc                _lv_event_mark_deleted
 .text.lv_obj_add_event_cb
                0x100090ec       0x78 ../liblvgl.a(lv_event.c.obj)
                0x100090ec                lv_obj_add_event_cb
 .text.lv_event_get_indev
                0x10009164       0x10 ../liblvgl.a(lv_event.c.obj)
                0x10009164                lv_event_get_indev
 .text.lv_event_set_ext_draw_size
                0x10009174       0x20 ../liblvgl.a(lv_event.c.obj)
                0x10009174                lv_event_set_ext_draw_size
 .text.indev_proc_release
                0x10009194       0xc4 ../liblvgl.a(lv_indev.c.obj)
 .text.lv_indev_get_act
                0x10009258        0xc ../liblvgl.a(lv_indev.c.obj)
                0x10009258                lv_indev_get_act
 .text.lv_indev_get_type
                0x10009264       0x10 ../liblvgl.a(lv_indev.c.obj)
                0x10009264                lv_indev_get_type
 .text.lv_indev_reset
                0x10009274       0xe8 ../liblvgl.a(lv_indev.c.obj)
                0x10009274                lv_indev_reset
 .text.lv_indev_reset_long_press
                0x1000935c       0x1c ../liblvgl.a(lv_indev.c.obj)
                0x1000935c                lv_indev_reset_long_press
 .text.lv_indev_get_point
                0x10009378       0x2c ../liblvgl.a(lv_indev.c.obj)
                0x10009378                lv_indev_get_point
 .text.lv_indev_get_scroll_dir
                0x100093a4       0x20 ../liblvgl.a(lv_indev.c.obj)
                0x100093a4                lv_indev_get_scroll_dir
 .text.lv_indev_get_scroll_obj
                0x100093c4       0x1c ../liblvgl.a(lv_indev.c.obj)
                0x100093c4                lv_indev_get_scroll_obj
 .text.lv_indev_get_vect
                0x100093e0       0x24 ../liblvgl.a(lv_indev.c.obj)
                0x100093e0                lv_indev_get_vect
 .text.lv_indev_wait_release
                0x10009404       0x10 ../liblvgl.a(lv_indev.c.obj)
                0x10009404                lv_indev_wait_release
 .text.lv_indev_get_obj_act
                0x10009414        0xc ../liblvgl.a(lv_indev.c.obj)
                0x10009414                lv_indev_get_obj_act
 .text.lv_indev_search_obj
                0x10009420       0x78 ../liblvgl.a(lv_indev.c.obj)
                0x10009420                lv_indev_search_obj
 .text.indev_proc_press
                0x10009498      0x45c ../liblvgl.a(lv_indev.c.obj)
 .text.lv_indev_read_timer_cb
                0x100098f4      0x954 ../liblvgl.a(lv_indev.c.obj)
                0x100098f4                lv_indev_read_timer_cb
 .text.find_snap_point_y
                0x1000a248      0x1f8 ../liblvgl.a(lv_indev_scroll.c.obj)
 .text.find_snap_point_x
                0x1000a440      0x1f8 ../liblvgl.a(lv_indev_scroll.c.obj)
 .text.elastic_diff
                0x1000a638      0x198 ../liblvgl.a(lv_indev_scroll.c.obj)
 .text._lv_indev_scroll_handler
                0x1000a7d0      0x578 ../liblvgl.a(lv_indev_scroll.c.obj)
                0x1000a7d0                _lv_indev_scroll_handler
 .text._lv_indev_scroll_throw_handler
                0x1000ad48      0x2dc ../liblvgl.a(lv_indev_scroll.c.obj)
                0x1000ad48                _lv_indev_scroll_throw_handler
 .text.lv_indev_scroll_throw_predict
                0x1000b024       0x44 ../liblvgl.a(lv_indev_scroll.c.obj)
                0x1000b024                lv_indev_scroll_throw_predict
 .text.lv_obj_draw
                0x1000b068      0x468 ../liblvgl.a(lv_obj.c.obj)
 .text.lv_obj_constructor
                0x1000b4d0       0x70 ../liblvgl.a(lv_obj.c.obj)
 .text.lv_obj_set_state.part.0
                0x1000b540      0x288 ../liblvgl.a(lv_obj.c.obj)
 .text.obj_valid_child.isra.0
                0x1000b7c8      0x264 ../liblvgl.a(lv_obj.c.obj)
 .text.lv_init  0x1000ba2c       0x54 ../liblvgl.a(lv_obj.c.obj)
                0x1000ba2c                lv_init
 .text.lv_obj_create
                0x1000ba80       0x1c ../liblvgl.a(lv_obj.c.obj)
                0x1000ba80                lv_obj_create
 .text.lv_obj_check_type
                0x1000ba9c       0x14 ../liblvgl.a(lv_obj.c.obj)
                0x1000ba9c                lv_obj_check_type
 .text.lv_obj_has_class
                0x1000bab0       0x1c ../liblvgl.a(lv_obj.c.obj)
                0x1000bab0                lv_obj_has_class
 .text.lv_obj_is_valid
                0x1000bacc       0x8c ../liblvgl.a(lv_obj.c.obj)
                0x1000bacc                lv_obj_is_valid
 .text.lv_obj_add_flag
                0x1000bb58       0xa0 ../liblvgl.a(lv_obj.c.obj)
                0x1000bb58                lv_obj_add_flag
 .text.lv_obj_clear_flag
                0x1000bbf8       0xa8 ../liblvgl.a(lv_obj.c.obj)
                0x1000bbf8                lv_obj_clear_flag
 .text.lv_obj_clear_state
                0x1000bca0       0x68 ../liblvgl.a(lv_obj.c.obj)
                0x1000bca0                lv_obj_clear_state
 .text.lv_obj_has_flag
                0x1000bd08       0x44 ../liblvgl.a(lv_obj.c.obj)
                0x1000bd08                lv_obj_has_flag
 .text.lv_obj_has_flag_any
                0x1000bd4c       0x44 ../liblvgl.a(lv_obj.c.obj)
                0x1000bd4c                lv_obj_has_flag_any
 .text.lv_obj_get_state
                0x1000bd90       0x38 ../liblvgl.a(lv_obj.c.obj)
                0x1000bd90                lv_obj_get_state
 .text.lv_obj_get_group
                0x1000bdc8       0x3c ../liblvgl.a(lv_obj.c.obj)
                0x1000bdc8                lv_obj_get_group
 .text.lv_obj_allocate_spec_attr
                0x1000be04       0x74 ../liblvgl.a(lv_obj.c.obj)
                0x1000be04                lv_obj_allocate_spec_attr
 .text.lv_obj_add_state
                0x1000be78       0x68 ../liblvgl.a(lv_obj.c.obj)
                0x1000be78                lv_obj_add_state
 .text.lv_obj_destructor
                0x1000bee0       0xa4 ../liblvgl.a(lv_obj.c.obj)
 .text.lv_obj_event
                0x1000bf84      0x484 ../liblvgl.a(lv_obj.c.obj)
 .text.lv_obj_construct
                0x1000c408       0x6c ../liblvgl.a(lv_obj_class.c.obj)
 .text.lv_obj_class_create_obj
                0x1000c474      0x108 ../liblvgl.a(lv_obj_class.c.obj)
                0x1000c474                lv_obj_class_create_obj
 .text.lv_obj_class_init_obj
                0x1000c57c       0xec ../liblvgl.a(lv_obj_class.c.obj)
                0x1000c57c                lv_obj_class_init_obj
 .text._lv_obj_destruct
                0x1000c668       0x28 ../liblvgl.a(lv_obj_class.c.obj)
                0x1000c668                _lv_obj_destruct
 .text.lv_obj_is_editable
                0x1000c690       0x28 ../liblvgl.a(lv_obj_class.c.obj)
                0x1000c690                lv_obj_is_editable
 .text.lv_obj_init_draw_rect_dsc
                0x1000c6b8      0x2f0 ../liblvgl.a(lv_obj_draw.c.obj)
                0x1000c6b8                lv_obj_init_draw_rect_dsc
 .text.lv_obj_init_draw_label_dsc
                0x1000c9a8       0xc0 ../liblvgl.a(lv_obj_draw.c.obj)
                0x1000c9a8                lv_obj_init_draw_label_dsc
 .text.lv_obj_init_draw_img_dsc
                0x1000ca68       0xa0 ../liblvgl.a(lv_obj_draw.c.obj)
                0x1000ca68                lv_obj_init_draw_img_dsc
 .text.lv_obj_init_draw_line_dsc
                0x1000cb08       0xbc ../liblvgl.a(lv_obj_draw.c.obj)
                0x1000cb08                lv_obj_init_draw_line_dsc
 .text.lv_obj_init_draw_arc_dsc
                0x1000cbc4       0x9c ../liblvgl.a(lv_obj_draw.c.obj)
                0x1000cbc4                lv_obj_init_draw_arc_dsc
 .text.lv_obj_calculate_ext_draw_size
                0x1000cc60      0x114 ../liblvgl.a(lv_obj_draw.c.obj)
                0x1000cc60                lv_obj_calculate_ext_draw_size
 .text.lv_obj_draw_dsc_init
                0x1000cd74       0x10 ../liblvgl.a(lv_obj_draw.c.obj)
                0x1000cd74                lv_obj_draw_dsc_init
 .text.lv_obj_refresh_ext_draw_size
                0x1000cd84       0x94 ../liblvgl.a(lv_obj_draw.c.obj)
                0x1000cd84                lv_obj_refresh_ext_draw_size
 .text._lv_obj_get_ext_draw_size
                0x1000ce18       0x10 ../liblvgl.a(lv_obj_draw.c.obj)
                0x1000ce18                _lv_obj_get_ext_draw_size
 .text.lv_obj_get_content_coords.part.0
                0x1000ce28       0xb0 ../liblvgl.a(lv_obj_pos.c.obj)
 .text.lv_obj_get_content_height.part.0
                0x1000ced8       0x6c ../liblvgl.a(lv_obj_pos.c.obj)
 .text.lv_obj_set_pos
                0x1000cf44       0xbc ../liblvgl.a(lv_obj_pos.c.obj)
                0x1000cf44                lv_obj_set_pos
 .text.lv_obj_set_x
                0x1000d000       0x58 ../liblvgl.a(lv_obj_pos.c.obj)
                0x1000d000                lv_obj_set_x
 .text.lv_obj_set_y
                0x1000d058       0x58 ../liblvgl.a(lv_obj_pos.c.obj)
                0x1000d058                lv_obj_set_y
 .text.lv_obj_set_size
                0x1000d0b0       0xbc ../liblvgl.a(lv_obj_pos.c.obj)
                0x1000d0b0                lv_obj_set_size
 .text.lv_obj_set_width
                0x1000d16c       0x58 ../liblvgl.a(lv_obj_pos.c.obj)
                0x1000d16c                lv_obj_set_width
 .text.lv_obj_set_height
                0x1000d1c4       0x58 ../liblvgl.a(lv_obj_pos.c.obj)
                0x1000d1c4                lv_obj_set_height
 .text.lv_obj_is_layout_positioned
                0x1000d21c       0x38 ../liblvgl.a(lv_obj_pos.c.obj)
                0x1000d21c                lv_obj_is_layout_positioned
 .text.lv_obj_mark_layout_as_dirty
                0x1000d254       0x24 ../liblvgl.a(lv_obj_pos.c.obj)
                0x1000d254                lv_obj_mark_layout_as_dirty
 .text.lv_layout_register
                0x1000d278       0x3c ../liblvgl.a(lv_obj_pos.c.obj)
                0x1000d278                lv_layout_register
 .text.lv_obj_align
                0x1000d2b4       0xc4 ../liblvgl.a(lv_obj_pos.c.obj)
                0x1000d2b4                lv_obj_align
 .text.lv_obj_get_coords
                0x1000d378       0x44 ../liblvgl.a(lv_obj_pos.c.obj)
                0x1000d378                lv_obj_get_coords
 .text.lv_obj_get_x
                0x1000d3bc       0x78 ../liblvgl.a(lv_obj_pos.c.obj)
                0x1000d3bc                lv_obj_get_x
 .text.lv_obj_get_y
                0x1000d434       0x78 ../liblvgl.a(lv_obj_pos.c.obj)
                0x1000d434                lv_obj_get_y
 .text.lv_obj_get_y2
                0x1000d4ac       0x58 ../liblvgl.a(lv_obj_pos.c.obj)
                0x1000d4ac                lv_obj_get_y2
 .text.lv_obj_get_width
                0x1000d504       0x30 ../liblvgl.a(lv_obj_pos.c.obj)
                0x1000d504                lv_obj_get_width
 .text.lv_obj_get_height
                0x1000d534       0x30 ../liblvgl.a(lv_obj_pos.c.obj)
                0x1000d534                lv_obj_get_height
 .text.lv_obj_get_content_width
                0x1000d564       0x90 ../liblvgl.a(lv_obj_pos.c.obj)
                0x1000d564                lv_obj_get_content_width
 .text.lv_obj_get_content_height
                0x1000d5f4       0x2c ../liblvgl.a(lv_obj_pos.c.obj)
                0x1000d5f4                lv_obj_get_content_height
 .text.lv_obj_get_content_coords
                0x1000d620       0x34 ../liblvgl.a(lv_obj_pos.c.obj)
                0x1000d620                lv_obj_get_content_coords
 .text.lv_obj_get_self_width
                0x1000d654       0x20 ../liblvgl.a(lv_obj_pos.c.obj)
                0x1000d654                lv_obj_get_self_width
 .text.lv_obj_get_self_height
                0x1000d674       0x20 ../liblvgl.a(lv_obj_pos.c.obj)
                0x1000d674                lv_obj_get_self_height
 .text.lv_obj_refresh_self_size
                0x1000d694       0x5c ../liblvgl.a(lv_obj_pos.c.obj)
                0x1000d694                lv_obj_refresh_self_size
 .text.lv_obj_move_children_by
                0x1000d6f0      0x2ec ../liblvgl.a(lv_obj_pos.c.obj)
                0x1000d6f0                lv_obj_move_children_by
 .text.lv_obj_area_is_visible
                0x1000d9dc       0xb4 ../liblvgl.a(lv_obj_pos.c.obj)
                0x1000d9dc                lv_obj_area_is_visible
 .text.lv_obj_invalidate_area
                0x1000da90       0x5c ../liblvgl.a(lv_obj_pos.c.obj)
                0x1000da90                lv_obj_invalidate_area
 .text.lv_obj_invalidate.part.0
                0x1000daec       0x88 ../liblvgl.a(lv_obj_pos.c.obj)
 .text.lv_obj_invalidate
                0x1000db74       0x2c ../liblvgl.a(lv_obj_pos.c.obj)
                0x1000db74                lv_obj_invalidate
 .text.lv_obj_move_to
                0x1000dba0      0x248 ../liblvgl.a(lv_obj_pos.c.obj)
                0x1000dba0                lv_obj_move_to
 .text.lv_obj_refr_pos.part.0
                0x1000dde8      0x3bc ../liblvgl.a(lv_obj_pos.c.obj)
 .text.lv_obj_refr_size.part.0
                0x1000e1a4      0x8e0 ../liblvgl.a(lv_obj_pos.c.obj)
 .text.lv_obj_refr_size
                0x1000ea84       0x2c ../liblvgl.a(lv_obj_pos.c.obj)
                0x1000ea84                lv_obj_refr_size
 .text.layout_update_core
                0x1000eab0       0xc8 ../liblvgl.a(lv_obj_pos.c.obj)
 .text.lv_obj_align_to
                0x1000eb78      0x528 ../liblvgl.a(lv_obj_pos.c.obj)
                0x1000eb78                lv_obj_align_to
 .text.lv_obj_update_layout
                0x1000f0a0      0x11c ../liblvgl.a(lv_obj_pos.c.obj)
                0x1000f0a0                lv_obj_update_layout
 .text.lv_obj_is_visible
                0x1000f1bc       0x60 ../liblvgl.a(lv_obj_pos.c.obj)
                0x1000f1bc                lv_obj_is_visible
 .text.lv_obj_set_ext_click_area
                0x1000f21c       0x34 ../liblvgl.a(lv_obj_pos.c.obj)
                0x1000f21c                lv_obj_set_ext_click_area
 .text.lv_obj_get_click_area
                0x1000f250       0x34 ../liblvgl.a(lv_obj_pos.c.obj)
                0x1000f250                lv_obj_get_click_area
 .text.lv_obj_hit_test
                0x1000f284       0x9c ../liblvgl.a(lv_obj_pos.c.obj)
                0x1000f284                lv_obj_hit_test
 .text.scroll_anim_ready_cb
                0x1000f320       0x10 ../liblvgl.a(lv_obj_scroll.c.obj)
 .text.lv_obj_get_scroll_bottom.part.0
                0x1000f330       0xf4 ../liblvgl.a(lv_obj_scroll.c.obj)
 .text.scroll_y_anim
                0x1000f424       0x50 ../liblvgl.a(lv_obj_scroll.c.obj)
 .text.scroll_x_anim
                0x1000f474       0x50 ../liblvgl.a(lv_obj_scroll.c.obj)
 .text.lv_obj_set_scrollbar_mode
                0x1000f4c4       0x4c ../liblvgl.a(lv_obj_scroll.c.obj)
                0x1000f4c4                lv_obj_set_scrollbar_mode
 .text.lv_obj_set_scroll_dir
                0x1000f510       0x24 ../liblvgl.a(lv_obj_scroll.c.obj)
                0x1000f510                lv_obj_set_scroll_dir
 .text.lv_obj_set_scroll_snap_x
                0x1000f534       0x20 ../liblvgl.a(lv_obj_scroll.c.obj)
                0x1000f534                lv_obj_set_scroll_snap_x
 .text.lv_obj_set_scroll_snap_y
                0x1000f554       0x20 ../liblvgl.a(lv_obj_scroll.c.obj)
                0x1000f554                lv_obj_set_scroll_snap_y
 .text.lv_obj_get_scrollbar_mode
                0x1000f574       0x14 ../liblvgl.a(lv_obj_scroll.c.obj)
                0x1000f574                lv_obj_get_scrollbar_mode
 .text.lv_obj_get_scroll_dir
                0x1000f588       0x14 ../liblvgl.a(lv_obj_scroll.c.obj)
                0x1000f588                lv_obj_get_scroll_dir
 .text.lv_obj_get_scroll_snap_x
                0x1000f59c       0x14 ../liblvgl.a(lv_obj_scroll.c.obj)
                0x1000f59c                lv_obj_get_scroll_snap_x
 .text.lv_obj_get_scroll_snap_y
                0x1000f5b0       0x14 ../liblvgl.a(lv_obj_scroll.c.obj)
                0x1000f5b0                lv_obj_get_scroll_snap_y
 .text.lv_obj_get_scroll_x
                0x1000f5c4       0x14 ../liblvgl.a(lv_obj_scroll.c.obj)
                0x1000f5c4                lv_obj_get_scroll_x
 .text.lv_obj_get_scroll_y
                0x1000f5d8       0x14 ../liblvgl.a(lv_obj_scroll.c.obj)
                0x1000f5d8                lv_obj_get_scroll_y
 .text.lv_obj_get_scroll_top
                0x1000f5ec       0x14 ../liblvgl.a(lv_obj_scroll.c.obj)
                0x1000f5ec                lv_obj_get_scroll_top
 .text.lv_obj_get_scroll_bottom
                0x1000f600       0x2c ../liblvgl.a(lv_obj_scroll.c.obj)
                0x1000f600                lv_obj_get_scroll_bottom
 .text.lv_obj_get_scroll_left
                0x1000f62c      0x134 ../liblvgl.a(lv_obj_scroll.c.obj)
                0x1000f62c                lv_obj_get_scroll_left
 .text.lv_obj_get_scroll_right
                0x1000f760      0x13c ../liblvgl.a(lv_obj_scroll.c.obj)
                0x1000f760                lv_obj_get_scroll_right
 .text.lv_obj_get_scrollbar_area.part.0
                0x1000f89c      0x7bc ../liblvgl.a(lv_obj_scroll.c.obj)
 .text.lv_obj_get_scroll_end
                0x10010058       0x68 ../liblvgl.a(lv_obj_scroll.c.obj)
                0x10010058                lv_obj_get_scroll_end
 .text.lv_obj_scroll_by
                0x100100c0      0x174 ../liblvgl.a(lv_obj_scroll.c.obj)
                0x100100c0                lv_obj_scroll_by
 .text.scroll_area_into_view
                0x10010234      0x3a4 ../liblvgl.a(lv_obj_scroll.c.obj)
 .text.lv_obj_scroll_to_x
                0x100105d8       0xa0 ../liblvgl.a(lv_obj_scroll.c.obj)
                0x100105d8                lv_obj_scroll_to_x
 .text.lv_obj_scroll_to
                0x10010678      0x184 ../liblvgl.a(lv_obj_scroll.c.obj)
                0x10010678                lv_obj_scroll_to
 .text.lv_obj_scroll_to_y
                0x100107fc      0x17c ../liblvgl.a(lv_obj_scroll.c.obj)
                0x100107fc                lv_obj_scroll_to_y
 .text.lv_obj_scroll_to_view_recursive
                0x10010978       0x3c ../liblvgl.a(lv_obj_scroll.c.obj)
                0x10010978                lv_obj_scroll_to_view_recursive
 .text.lv_obj_get_scrollbar_area
                0x100109b4       0x44 ../liblvgl.a(lv_obj_scroll.c.obj)
                0x100109b4                lv_obj_get_scrollbar_area
 .text.lv_obj_scrollbar_invalidate
                0x100109f8       0x84 ../liblvgl.a(lv_obj_scroll.c.obj)
                0x100109f8                lv_obj_scrollbar_invalidate
 .text.lv_obj_readjust_scroll
                0x10010a7c       0xc8 ../liblvgl.a(lv_obj_scroll.c.obj)
                0x10010a7c                lv_obj_readjust_scroll
 .text.get_trans_style
                0x10010b44       0xb8 ../liblvgl.a(lv_obj_style.c.obj)
 .text.trans_del.isra.0
                0x10010bfc      0x15c ../liblvgl.a(lv_obj_style.c.obj)
 .text.refresh_children_style
                0x10010d58      0x290 ../liblvgl.a(lv_obj_style.c.obj)
 .text._lv_obj_style_init
                0x10010fe8       0x10 ../liblvgl.a(lv_obj_style.c.obj)
                0x10010fe8                _lv_obj_style_init
 .text.lv_obj_enable_style_refresh
                0x10010ff8        0xc ../liblvgl.a(lv_obj_style.c.obj)
                0x10010ff8                lv_obj_enable_style_refresh
 .text.lv_obj_get_style_prop
                0x10011004      0x230 ../liblvgl.a(lv_obj_style.c.obj)
                0x10011004                lv_obj_get_style_prop
 .text.lv_obj_refresh_style.part.0
                0x10011234      0x13c ../liblvgl.a(lv_obj_style.c.obj)
 .text.lv_obj_refresh_style
                0x10011370       0x44 ../liblvgl.a(lv_obj_style.c.obj)
                0x10011370                lv_obj_refresh_style
 .text.lv_obj_add_style
                0x100113b4      0x10c ../liblvgl.a(lv_obj_style.c.obj)
                0x100113b4                lv_obj_add_style
 .text.report_style_change_core
                0x100114c0       0x84 ../liblvgl.a(lv_obj_style.c.obj)
 .text.lv_obj_report_style_change
                0x10011544      0x130 ../liblvgl.a(lv_obj_style.c.obj)
                0x10011544                lv_obj_report_style_change
 .text.trans_anim_cb
                0x10011674      0x224 ../liblvgl.a(lv_obj_style.c.obj)
 .text.lv_obj_remove_style
                0x10011898      0x174 ../liblvgl.a(lv_obj_style.c.obj)
                0x10011898                lv_obj_remove_style
 .text.trans_anim_ready_cb
                0x10011a0c       0xc4 ../liblvgl.a(lv_obj_style.c.obj)
 .text.trans_anim_start_cb
                0x10011ad0       0x40 ../liblvgl.a(lv_obj_style.c.obj)
 .text.lv_obj_set_local_style_prop
                0x10011b10      0x158 ../liblvgl.a(lv_obj_style.c.obj)
                0x10011b10                lv_obj_set_local_style_prop
 .text.lv_obj_get_local_style_prop
                0x10011c68       0x34 ../liblvgl.a(lv_obj_style.c.obj)
                0x10011c68                lv_obj_get_local_style_prop
 .text.lv_obj_remove_local_style_prop
                0x10011c9c       0x68 ../liblvgl.a(lv_obj_style.c.obj)
                0x10011c9c                lv_obj_remove_local_style_prop
 .text._lv_obj_style_create_transition
                0x10011d04      0x180 ../liblvgl.a(lv_obj_style.c.obj)
                0x10011d04                _lv_obj_style_create_transition
 .text._lv_obj_style_state_compare
                0x10011e84      0x2dc ../liblvgl.a(lv_obj_style.c.obj)
                0x10011e84                _lv_obj_style_state_compare
 .text.lv_obj_style_get_selector_state
                0x10012160        0x4 ../liblvgl.a(lv_obj_style.c.obj)
                0x10012160                lv_obj_style_get_selector_state
 .text.lv_obj_style_get_selector_part
                0x10012164        0x8 ../liblvgl.a(lv_obj_style.c.obj)
                0x10012164                lv_obj_style_get_selector_part
 .text.lv_obj_calculate_style_text_align
                0x1001216c       0x2c ../liblvgl.a(lv_obj_style.c.obj)
                0x1001216c                lv_obj_calculate_style_text_align
 .text.lv_obj_set_style_width
                0x10012198       0x14 ../liblvgl.a(lv_obj_style_gen.c.obj)
                0x10012198                lv_obj_set_style_width
 .text.lv_obj_set_style_min_width
                0x100121ac       0x14 ../liblvgl.a(lv_obj_style_gen.c.obj)
                0x100121ac                lv_obj_set_style_min_width
 .text.lv_obj_set_style_height
                0x100121c0       0x14 ../liblvgl.a(lv_obj_style_gen.c.obj)
                0x100121c0                lv_obj_set_style_height
 .text.lv_obj_set_style_x
                0x100121d4       0x14 ../liblvgl.a(lv_obj_style_gen.c.obj)
                0x100121d4                lv_obj_set_style_x
 .text.lv_obj_set_style_y
                0x100121e8       0x14 ../liblvgl.a(lv_obj_style_gen.c.obj)
                0x100121e8                lv_obj_set_style_y
 .text.lv_obj_set_style_align
                0x100121fc       0x14 ../liblvgl.a(lv_obj_style_gen.c.obj)
                0x100121fc                lv_obj_set_style_align
 .text.lv_obj_set_style_layout
                0x10012210       0x14 ../liblvgl.a(lv_obj_style_gen.c.obj)
                0x10012210                lv_obj_set_style_layout
 .text.lv_obj_set_style_base_dir
                0x10012224       0x14 ../liblvgl.a(lv_obj_style_gen.c.obj)
                0x10012224                lv_obj_set_style_base_dir
 .text.lv_obj_set_style_bg_img_src
                0x10012238       0x14 ../liblvgl.a(lv_obj_style_gen.c.obj)
                0x10012238                lv_obj_set_style_bg_img_src
 .text.lv_obj_set_style_text_align
                0x1001224c       0x14 ../liblvgl.a(lv_obj_style_gen.c.obj)
                0x1001224c                lv_obj_set_style_text_align
 .text.lv_obj_get_index.part.0
                0x10012260       0xa0 ../liblvgl.a(lv_obj_tree.c.obj)
 .text.lv_obj_get_disp.part.0
                0x10012300       0x88 ../liblvgl.a(lv_obj_tree.c.obj)
 .text.obj_del_core.part.0
                0x10012388      0x1ac ../liblvgl.a(lv_obj_tree.c.obj)
 .text.lv_obj_del.part.0
                0x10012534       0xc0 ../liblvgl.a(lv_obj_tree.c.obj)
 .text.lv_obj_del
                0x100125f4       0x2c ../liblvgl.a(lv_obj_tree.c.obj)
                0x100125f4                lv_obj_del
 .text.lv_obj_move_to_index
                0x10012620       0xe0 ../liblvgl.a(lv_obj_tree.c.obj)
                0x10012620                lv_obj_move_to_index
 .text.lv_obj_get_screen
                0x10012700       0x50 ../liblvgl.a(lv_obj_tree.c.obj)
                0x10012700                lv_obj_get_screen
 .text.lv_obj_get_disp
                0x10012750       0x2c ../liblvgl.a(lv_obj_tree.c.obj)
                0x10012750                lv_obj_get_disp
 .text.lv_obj_get_parent
                0x1001277c       0x28 ../liblvgl.a(lv_obj_tree.c.obj)
                0x1001277c                lv_obj_get_parent
 .text.lv_obj_get_child
                0x100127a4       0x48 ../liblvgl.a(lv_obj_tree.c.obj)
                0x100127a4                lv_obj_get_child
 .text.lv_obj_get_child_cnt
                0x100127ec       0x34 ../liblvgl.a(lv_obj_tree.c.obj)
                0x100127ec                lv_obj_get_child_cnt
 .text.lv_obj_get_index
                0x10012820       0x2c ../liblvgl.a(lv_obj_tree.c.obj)
                0x10012820                lv_obj_get_index
 .text.lv_refr_get_top_obj
                0x1001284c       0x70 ../liblvgl.a(lv_refr.c.obj)
 .text.draw_buf_flush
                0x100128bc      0x5a8 ../liblvgl.a(lv_refr.c.obj)
 .text.lv_refr_obj.part.0
                0x10012e64      0x124 ../liblvgl.a(lv_refr.c.obj)
 .text.lv_refr_obj_and_children
                0x10012f88       0xc8 ../liblvgl.a(lv_refr.c.obj)
 .text.lv_refr_area_part
                0x10013050      0x164 ../liblvgl.a(lv_refr.c.obj)
 .text._lv_refr_init
                0x100131b4        0x4 ../liblvgl.a(lv_refr.c.obj)
                0x100131b4                _lv_refr_init
 .text._lv_inv_area
                0x100131b8       0xd8 ../liblvgl.a(lv_refr.c.obj)
                0x100131b8                _lv_inv_area
 .text._lv_refr_get_disp_refreshing
                0x10013290        0xc ../liblvgl.a(lv_refr.c.obj)
                0x10013290                _lv_refr_get_disp_refreshing
 .text._lv_disp_refr_timer
                0x1001329c      0x45c ../liblvgl.a(lv_refr.c.obj)
                0x1001329c                _lv_disp_refr_timer
 .text.apply_theme
                0x100136f8       0x60 ../liblvgl.a(lv_theme.c.obj)
 .text.lv_theme_apply
                0x10013758       0x84 ../liblvgl.a(lv_theme.c.obj)
                0x10013758                lv_theme_apply
 .text.lv_theme_get_color_primary
                0x100137dc       0x2c ../liblvgl.a(lv_theme.c.obj)
                0x100137dc                lv_theme_get_color_primary
 .text.lv_draw_map
                0x10013808      0x844 ../liblvgl.a(lv_draw_img.c.obj)
 .text.lv_draw_img_dsc_init
                0x1001404c       0x20 ../liblvgl.a(lv_draw_img.c.obj)
                0x1001404c                lv_draw_img_dsc_init
 .text.lv_draw_img
                0x1001406c      0x2b0 ../liblvgl.a(lv_draw_img.c.obj)
                0x1001406c                lv_draw_img
 .text.lv_img_cf_get_px_size
                0x1001431c       0x14 ../liblvgl.a(lv_draw_img.c.obj)
                0x1001431c                lv_img_cf_get_px_size
 .text.lv_img_cf_is_chroma_keyed
                0x10014330       0x18 ../liblvgl.a(lv_draw_img.c.obj)
                0x10014330                lv_img_cf_is_chroma_keyed
 .text.lv_img_cf_has_alpha
                0x10014348       0x18 ../liblvgl.a(lv_draw_img.c.obj)
                0x10014348                lv_img_cf_has_alpha
 .text.lv_img_src_get_type
                0x10014360       0x1c ../liblvgl.a(lv_draw_img.c.obj)
                0x10014360                lv_img_src_get_type
 .text.lv_draw_label_dsc_init
                0x1001437c       0x30 ../liblvgl.a(lv_draw_label.c.obj)
                0x1001437c                lv_draw_label_dsc_init
 .text.lv_draw_letter
                0x100143ac      0x470 ../liblvgl.a(lv_draw_label.c.obj)
                0x100143ac                lv_draw_letter
 .text.lv_draw_label
                0x1001481c      0xa7c ../liblvgl.a(lv_draw_label.c.obj)
                0x1001481c                lv_draw_label
 .text.lv_draw_line_dsc_init
                0x10015298       0x18 ../liblvgl.a(lv_draw_line.c.obj)
                0x10015298                lv_draw_line_dsc_init
 .text.lv_draw_line
                0x100152b0      0x97c ../liblvgl.a(lv_draw_line.c.obj)
                0x100152b0                lv_draw_line
 .text.lv_draw_mask_radius
                0x10015c2c      0x348 ../liblvgl.a(lv_draw_mask.c.obj)
 .text.lv_draw_mask_line
                0x10015f74      0x564 ../liblvgl.a(lv_draw_mask.c.obj)
 .text.lv_draw_mask_angle
                0x100164d8      0x410 ../liblvgl.a(lv_draw_mask.c.obj)
 .text.lv_draw_mask_add
                0x100168e8       0xd8 ../liblvgl.a(lv_draw_mask.c.obj)
                0x100168e8                lv_draw_mask_add
 .text.lv_draw_mask_apply
                0x100169c0       0x60 ../liblvgl.a(lv_draw_mask.c.obj)
                0x100169c0                lv_draw_mask_apply
 .text.lv_draw_mask_remove_id
                0x10016a20       0x1c ../liblvgl.a(lv_draw_mask.c.obj)
                0x10016a20                lv_draw_mask_remove_id
 .text.lv_draw_mask_remove_custom
                0x10016a3c      0x148 ../liblvgl.a(lv_draw_mask.c.obj)
                0x10016a3c                lv_draw_mask_remove_custom
 .text.lv_draw_mask_free_param
                0x10016b84       0x30 ../liblvgl.a(lv_draw_mask.c.obj)
                0x10016b84                lv_draw_mask_free_param
 .text._lv_draw_mask_cleanup
                0x10016bb4       0x28 ../liblvgl.a(lv_draw_mask.c.obj)
                0x10016bb4                _lv_draw_mask_cleanup
 .text.lv_draw_mask_is_any
                0x10016bdc       0x58 ../liblvgl.a(lv_draw_mask.c.obj)
                0x10016bdc                lv_draw_mask_is_any
 .text.lv_draw_mask_line_points_init
                0x10016c34      0x17c ../liblvgl.a(lv_draw_mask.c.obj)
                0x10016c34                lv_draw_mask_line_points_init
 .text.lv_draw_mask_angle_init
                0x10016db0      0x2b4 ../liblvgl.a(lv_draw_mask.c.obj)
                0x10016db0                lv_draw_mask_angle_init
 .text.lv_draw_mask_radius_init
                0x10017064      0x614 ../liblvgl.a(lv_draw_mask.c.obj)
                0x10017064                lv_draw_mask_radius_init
 .text.shadow_blur_corner
                0x10017678      0x228 ../liblvgl.a(lv_draw_rect.c.obj)
 .text.lv_draw_rect_dsc_init
                0x100178a0       0x48 ../liblvgl.a(lv_draw_rect.c.obj)
                0x100178a0                lv_draw_rect_dsc_init
 .text.draw_border_generic
                0x100178e8      0xaa4 ../liblvgl.a(lv_draw_rect.c.obj)
                0x100178e8                draw_border_generic
 .text.lv_draw_rect
                0x1001838c     0x229c ../liblvgl.a(lv_draw_rect.c.obj)
                0x1001838c                lv_draw_rect
 .text.lv_img_buf_get_px_color
                0x1001a628       0xe8 ../liblvgl.a(lv_img_buf.c.obj)
                0x1001a628                lv_img_buf_get_px_color
 .text.lv_img_buf_get_px_alpha
                0x1001a710       0xe8 ../liblvgl.a(lv_img_buf.c.obj)
                0x1001a710                lv_img_buf_get_px_alpha
 .text._lv_img_buf_transform_init
                0x1001a7f8      0x120 ../liblvgl.a(lv_img_buf.c.obj)
                0x1001a7f8                _lv_img_buf_transform_init
 .text._lv_img_buf_get_transformed_area
                0x1001a918      0x220 ../liblvgl.a(lv_img_buf.c.obj)
                0x1001a918                _lv_img_buf_get_transformed_area
 .text._lv_img_buf_transform_anti_alias
                0x1001ab38      0x514 ../liblvgl.a(lv_img_buf.c.obj)
                0x1001ab38                _lv_img_buf_transform_anti_alias
 .text._lv_img_buf_transform